// Jest Snapshot v1, https://goo.gl/fbAQLP

exports[`ActionBar Universal Search input  lazy loads the input search bar, initially loads dark mode menu and feedback button 1`] = `
{
  "asFragment": [Function],
  "baseElement": .emotion-0 {
  display: -webkit-box;
  display: -webkit-flex;
  display: -ms-flexbox;
  display: flex;
  height: 60px;
  padding-top: 8px;
  padding-bottom: 8px;
  position: -webkit-sticky;
  position: sticky;
  top: 0;
  z-index: 800;
  background-color: var(--background-color-primary);
  border-bottom: 1px solid var(--border-color);
  -webkit-align-content: center;
  -ms-flex-line-pack: center;
  align-content: center;
  --border-color: #E8EDEB;
  display: -webkit-box;
  display: -webkit-flex;
  display: -ms-flexbox;
  display: flex;
  -webkit-box-pack: justify;
  -webkit-justify-content: space-between;
  justify-content: space-between;
  width: 100%;
  -webkit-box-flex-wrap: nowrap;
  -webkit-flex-wrap: nowrap;
  -ms-flex-wrap: nowrap;
  flex-wrap: nowrap;
  padding-left: 64px;
}

.dark-theme .emotion-0 {
  --border-color: #3D4F58;
}

@media not all and (max-width: 767px) {
  .emotion-0>div {
    -webkit-flex: 0 1 auto;
    -ms-flex: 0 1 auto;
    flex: 0 1 auto;
  }
}

@media only screen and (max-width: 767px) {
  .emotion-0 {
    -webkit-box-pack: justify;
    -webkit-justify-content: space-between;
    justify-content: space-between;
    padding-right: 0;
  }
}

@media only screen and (max-width: 1024px) {
  .emotion-0 {
    padding-left: 48px;
  }
}

.emotion-1 {
  -webkit-align-items: center;
  -webkit-box-align: center;
  -ms-flex-align: center;
  align-items: center;
  display: -webkit-box;
  display: -webkit-flex;
  display: -ms-flexbox;
  display: flex;
  width: 80%;
}

@media only screen and (max-width: 1024px) {
  .emotion-1 {
    max-width: 340px;
  }
}

@media only screen and (max-width: 767px) {
  .emotion-1 {
    width: 100%;
  }
}

@media only screen and (max-width: 480px) {
  .emotion-1>div {
    padding: 16px 32px;
  }
}

.emotion-3 {
  outline: none;
  width: 100%;
  max-width: 610px;
  --search-input-background-color: #FFFFFF;
}

.emotion-3>div[role='searchbox'] {
  background-color: var(--search-input-background-color);
}

.dark-theme .emotion-3 {
  --search-input-background-color: #112733;
}

.emotion-4 {
  position: relative;
  display: grid;
  grid-auto-flow: column;
  -webkit-align-items: center;
  -webkit-box-align: center;
  -ms-flex-align: center;
  align-items: center;
  justify-items: center;
  border: 1px solid;
  border-radius: 6px;
  z-index: 0;
  -webkit-transition: 150ms ease-in-out;
  transition: 150ms ease-in-out;
  transition-property: border-color,box-shadow;
  font-size: 13px;
  line-height: 20px;
  height: 36px;
  grid-template-columns: 36px 1fr;
  grid-auto-columns: 36px;
  color: #001E2B;
  background: #FFFFFF;
  border-color: #889397;
}

.emotion-4:hover:not(:disabled):not(:focus-within),
.emotion-4:active:not(:disabled):not(:focus-within) {
  box-shadow: 0 0 0 3px #E8EDEB;
}

.emotion-5 {
  -webkit-flex-shrink: 0;
  -ms-flex-negative: 0;
  flex-shrink: 0;
  color: #5C6C75;
  left: 12px;
}

.emotion-6 {
  font-size: inherit;
  line-height: inherit;
  color: inherit;
  background-color: inherit;
  font-family: 'Euclid Circular A','Helvetica Neue',Helvetica,Arial,sans-serif;
  width: 100%;
  height: 1.5em;
  font-weight: 400;
  z-index: 1;
  outline: none;
  border: none;
  padding: 0;
}

.emotion-6[aria-disabled='true'] {
  cursor: not-allowed;
}

.emotion-6[aria-disabled='true']:hover,
.emotion-6[aria-disabled='true']:active {
  box-shadow: none;
}

.emotion-6::-webkit-input-placeholder {
  font-size: inherit;
  line-height: inherit;
}

.emotion-6::-moz-placeholder {
  font-size: inherit;
  line-height: inherit;
}

.emotion-6:-ms-input-placeholder {
  font-size: inherit;
  line-height: inherit;
}

.emotion-6::placeholder {
  font-size: inherit;
  line-height: inherit;
}

.emotion-6::-ms-clear,
.emotion-6::-ms-reveal {
  display: none;
  width: 0;
  height: 0;
}

.emotion-6::-webkit-search-decoration,
.emotion-6::-webkit-search-cancel-button,
.emotion-6::-webkit-search-results-button,
.emotion-6::-webkit-search-results-decoration {
  display: none;
}

.emotion-6:-webkit-autofill {
  color: inherit;
  background: transparent;
  border: none;
  -webkit-text-fill-color: inherit;
}

.emotion-6:-webkit-autofill[aria-disabled='false'] {
  box-shadow: 0 0 0 100px #FFFFFF inset;
}

.emotion-6:-webkit-autofill[aria-disabled='false']:focus {
  box-shadow: 0 0 0 100px #FFFFFF inset,0 0 0 3px #0498EC;
}

.emotion-6:-webkit-autofill[aria-disabled='false']:hover:not(:focus) {
  box-shadow: 0 0 0 100px #FFFFFF inset,0 0 0 3px #E8EDEB;
}

.emotion-6::-webkit-input-placeholder {
  color: #889397;
  font-weight: 400;
}

.emotion-6::-moz-placeholder {
  color: #889397;
  font-weight: 400;
}

.emotion-6:-ms-input-placeholder {
  color: #889397;
  font-weight: 400;
}

.emotion-6::placeholder {
  color: #889397;
  font-weight: 400;
}

.emotion-6[aria-disabled='true']::-webkit-input-placeholder {
  color: #889397;
}

.emotion-6[aria-disabled='true']::-moz-placeholder {
  color: #889397;
}

.emotion-6[aria-disabled='true']:-ms-input-placeholder {
  color: #889397;
}

.emotion-6[aria-disabled='true']::placeholder {
  color: #889397;
}

.emotion-6[aria-disabled='true']:-webkit-autofill,
.emotion-6[aria-disabled='true']:-webkit-autofill:hover,
.emotion-6[aria-disabled='true']:-webkit-autofill:focus {
  -webkit-appearance: none;
  -moz-appearance: none;
  -ms-appearance: none;
  appearance: none;
  border: 1px solid #889397;
  -webkit-text-fill-color: #889397;
  box-shadow: 0 0 0 100px #E8EDEB inset;
}

.emotion-7 {
  position: relative;
  top: 0;
  right: 32px;
  justify-self: flex-end;
}

@media only screen and (max-width: 1024px) {
  .emotion-7 {
    right: 24px;
    padding-left: 3rem;
  }
}

@media only screen and (max-width: 480px) {
  .emotion-7 {
    padding-left: 2rem;
  }
}

.emotion-8 {
  display: -webkit-box;
  display: -webkit-flex;
  display: -ms-flexbox;
  display: flex;
  -webkit-align-items: center;
  -webkit-box-align: center;
  -ms-flex-align: center;
  align-items: center;
  -webkit-column-gap: 16px;
  column-gap: 16px;
}

.emotion-10 {
  border: none;
  -webkit-appearance: unset;
  padding: unset;
  display: inline-block;
  border-radius: 100px;
  position: relative;
  cursor: pointer;
  -webkit-flex-shrink: 0;
  -ms-flex-negative: 0;
  flex-shrink: 0;
  -webkit-transition: 150ms ease-in-out;
  transition: 150ms ease-in-out;
  transition-property: color,box-shadow;
  background-color: rgba(255, 255, 255, 0);
  height: 28px;
  width: 28px;
  color: #5C6C75;
  -webkit-align-content: center;
  -ms-flex-line-pack: center;
  align-content: center;
  cursor: pointer;
}

.emotion-10:before {
  content: '';
  -webkit-transition: 150ms all ease-in-out;
  transition: 150ms all ease-in-out;
  position: absolute;
  top: 0;
  bottom: 0;
  left: 0;
  right: 0;
  border-radius: 100%;
  opacity: 0;
  -webkit-transform: scale(0.8);
  -moz-transform: scale(0.8);
  -ms-transform: scale(0.8);
  transform: scale(0.8);
}

.emotion-10:active:before,
.emotion-10:hover:before,
.emotion-10:focus:before {
  opacity: 1;
  -webkit-transform: scale(1);
  -moz-transform: scale(1);
  -ms-transform: scale(1);
  transform: scale(1);
}

.emotion-10:focus {
  outline: none;
}

.emotion-10:active,
.emotion-10:hover {
  color: #001E2B;
}

.emotion-10:active:before,
.emotion-10:hover:before {
  background-color: #E8EDEB;
}

.emotion-10:focus-visible {
  color: #001E2B;
  box-shadow: 0 0 0 2px #FFFFFF,0 0 0 4px #0498EC;
}

.emotion-10:focus-visible:before {
  background-color: #E8EDEB;
}

.emotion-10>div {
  position: relative;
}

.emotion-11 {
  position: absolute;
  top: 0;
  bottom: 0;
  left: 0;
  right: 0;
  display: -webkit-box;
  display: -webkit-flex;
  display: -ms-flexbox;
  display: flex;
  -webkit-align-items: center;
  -webkit-box-align: center;
  -ms-flex-align: center;
  align-items: center;
  -webkit-box-pack: center;
  -ms-flex-pack: center;
  -webkit-justify-content: center;
  justify-content: center;
}

.emotion-11 {
  position: absolute;
  top: 0;
  bottom: 0;
  left: 0;
  right: 0;
  display: -webkit-box;
  display: -webkit-flex;
  display: -ms-flexbox;
  display: flex;
  -webkit-align-items: center;
  -webkit-box-align: center;
  -ms-flex-align: center;
  align-items: center;
  -webkit-box-pack: center;
  -ms-flex-pack: center;
  -webkit-justify-content: center;
  justify-content: center;
}

.emotion-12 {
  position: relative;
}

.emotion-14 {
  -webkit-appearance: none;
  -moz-appearance: none;
  -ms-appearance: none;
  appearance: none;
  padding: 0;
  margin: 0;
  background-color: transparent;
  border: 1px solid transparent;
  display: -webkit-inline-box;
  display: -webkit-inline-flex;
  display: -ms-inline-flexbox;
  display: inline-flex;
  -webkit-align-items: stretch;
  -webkit-box-align: stretch;
  -ms-flex-align: stretch;
  align-items: stretch;
  -webkit-transition: all 150ms ease-in-out;
  transition: all 150ms ease-in-out;
  position: relative;
  -webkit-text-decoration: none;
  text-decoration: none;
  cursor: pointer;
  z-index: 0;
  font-family: 'Euclid Circular A','Helvetica Neue',Helvetica,Arial,sans-serif;
  border-radius: 6px;
  background-color: #F9FBFA;
  border-color: #889397;
  color: #001E2B;
  font-size: 13px;
  line-height: 20px;
  font-weight: 500;
  height: 36px;
}

.emotion-14:focus-visible,
.emotion-14[data-focus="true"] {
  outline: none;
}

.emotion-14:active,
.emotion-14[data-active="true"],
.emotion-14:focus,
.emotion-14:hover {
  -webkit-text-decoration: none;
  text-decoration: none;
}

.emotion-14:focus-visible,
.emotion-14[data-focus="true"] {
  color: #001E2B;
}

.emotion-14:hover,
.emotion-14[data-hover="true"],
.emotion-14:active,
.emotion-14[data-active="true"] {
  color: #001E2B;
  background-color: #FFFFFF;
  box-shadow: 0 0 0 3px #E8EDEB;
}

.emotion-14:focus-visible,
.emotion-14[data-focus="true"] {
  background-color: #FFFFFF;
  box-shadow: 0 0 0 2px #FFFFFF,0 0 0 4px #0498EC;
}

.emotion-15 {
  overflow: hidden;
  position: absolute;
  top: 0;
  left: 0;
  right: 0;
  bottom: 0;
  border-radius: 5px;
}

.emotion-15 {
  overflow: hidden;
  position: absolute;
  top: 0;
  left: 0;
  right: 0;
  bottom: 0;
  border-radius: 5px;
}

.emotion-16 {
  display: grid;
  grid-auto-flow: column;
  -webkit-box-pack: center;
  -ms-flex-pack: center;
  -webkit-justify-content: center;
  justify-content: center;
  -webkit-align-items: center;
  -webkit-box-align: center;
  -ms-flex-align: center;
  align-items: center;
  height: 100%;
  width: 100%;
  position: relative;
  -webkit-user-select: none;
  -moz-user-select: none;
  -ms-user-select: none;
  user-select: none;
  z-index: 0;
  -webkit-transition: all 150 ease-in-out;
  transition: all 150 ease-in-out;
  padding: 0 11px;
  gap: 6px;
}

<body>
    <div>
      <div
        class="emotion-0"
      >
        <div
          class=" emotion-1 emotion-2"
        >
          <form
            class="emotion-3"
            role="search"
          >
            <div
              aria-label="Search MongoDB Docs"
              class="emotion-4"
              role="searchbox"
              tabindex="-1"
            >
              <svg
                alt=""
                aria-hidden="true"
                class="emotion-5"
                height="16"
                role="presentation"
                viewBox="0 0 16 16"
                width="16"
              >
                <path
                  clip-rule="evenodd"
                  d="M2.3234 9.81874C4.07618 11.5715 6.75062 11.8398 8.78588 10.6244L12.93 14.7685C13.4377 15.2762 14.2608 15.2762 14.7685 14.7685C15.2762 14.2608 15.2762 13.4377 14.7685 12.93L10.6244 8.78588C11.8398 6.75062 11.5715 4.07619 9.81873 2.32341C7.74896 0.253628 4.39318 0.253628 2.3234 2.32341C0.253624 4.39319 0.253624 7.74896 2.3234 9.81874ZM7.98026 4.16188C9.03467 5.2163 9.03467 6.92585 7.98026 7.98026C6.92584 9.03468 5.2163 9.03468 4.16188 7.98026C3.10746 6.92585 3.10746 5.2163 4.16188 4.16188C5.2163 3.10747 6.92584 3.10747 7.98026 4.16188Z"
                  fill="currentColor"
                  fill-rule="evenodd"
                />
              </svg>
              <input
                class="emotion-6"
                placeholder="Search MongoDB Docs or Ask MongoDB AI"
                type="search"
                value=""
              />
            </div>
          </form>
        </div>
        <div
          class="emotion-7 emotion-8 emotion-9"
        >
          <div
            aria-disabled="false"
            aria-expanded="false"
            aria-haspopup="true"
            aria-label="Dark Mode Menu"
            aria-labelledby="Dark Mode Menu"
            class="emotion-10"
            tabindex="0"
          >
            <div
              class="emotion-11"
            >
              <svg
                aria-label="Sun Icon"
                class=""
                fill="none"
                height="16"
                role="img"
                viewBox="0 0 16 16"
                width="16"
                xmlns="http://www.w3.org/2000/svg"
              >
                <path
                  d="M12.24 10.83a.996.996 0 1 0-1.41 1.41l.71.71a.996.996 0 1 0 1.41-1.41l-.71-.71ZM8 12c-.55 0-1 .45-1 1v1c0 .55.45 1 1 1s1-.45 1-1v-1c0-.55-.45-1-1-1ZM8 11a3 3 0 1 0 0-6 3 3 0 0 0 0 6ZM14 7h-1c-.55 0-1 .45-1 1s.45 1 1 1h1c.55 0 1-.45 1-1s-.45-1-1-1ZM3.76 10.83l-.71.71a.996.996 0 1 0 1.41 1.41l.71-.71a.996.996 0 1 0-1.41-1.41ZM8 4c.55 0 1-.45 1-1V2c0-.55-.45-1-1-1s-1 .45-1 1v1c0 .55.45 1 1 1ZM3.76 5.17a.996.996 0 1 0 1.41-1.41l-.71-.71a.996.996 0 1 0-1.41 1.41l.71.71ZM4 8c0-.55-.45-1-1-1H2c-.55 0-1 .45-1 1s.45 1 1 1h1c.55 0 1-.45 1-1ZM12.24 5.17l.71-.71a.996.996 0 1 0-1.41-1.41l-.71.71a.996.996 0 1 0 1.41 1.41Z"
                  fill="currentColor"
                />
              </svg>
            </div>
          </div>
          <div
            class="emotion-12 emotion-13"
          >
            <button
              aria-disabled="false"
              class="lg-ui-button-0000 emotion-14"
              data-lgid="lg-button"
              type="button"
            >
              <div
                class="emotion-15"
              />
              <div
                class="emotion-16"
              >
                Feedback
              </div>
            </button>
          </div>
        </div>
      </div>
    </div>
  </body>,
  "container": .emotion-0 {
  display: -webkit-box;
  display: -webkit-flex;
  display: -ms-flexbox;
  display: flex;
  height: 60px;
  padding-top: 8px;
  padding-bottom: 8px;
  position: -webkit-sticky;
  position: sticky;
  top: 0;
  z-index: 800;
  background-color: var(--background-color-primary);
  border-bottom: 1px solid var(--border-color);
  -webkit-align-content: center;
  -ms-flex-line-pack: center;
  align-content: center;
  --border-color: #E8EDEB;
  display: -webkit-box;
  display: -webkit-flex;
  display: -ms-flexbox;
  display: flex;
  -webkit-box-pack: justify;
  -webkit-justify-content: space-between;
  justify-content: space-between;
  width: 100%;
  -webkit-box-flex-wrap: nowrap;
  -webkit-flex-wrap: nowrap;
  -ms-flex-wrap: nowrap;
  flex-wrap: nowrap;
  padding-left: 64px;
}

.dark-theme .emotion-0 {
  --border-color: #3D4F58;
}

@media not all and (max-width: 767px) {
  .emotion-0>div {
    -webkit-flex: 0 1 auto;
    -ms-flex: 0 1 auto;
    flex: 0 1 auto;
  }
}

@media only screen and (max-width: 767px) {
  .emotion-0 {
    -webkit-box-pack: justify;
    -webkit-justify-content: space-between;
    justify-content: space-between;
    padding-right: 0;
  }
}

@media only screen and (max-width: 1024px) {
  .emotion-0 {
    padding-left: 48px;
  }
}

.emotion-1 {
  -webkit-align-items: center;
  -webkit-box-align: center;
  -ms-flex-align: center;
  align-items: center;
  display: -webkit-box;
  display: -webkit-flex;
  display: -ms-flexbox;
  display: flex;
  width: 80%;
}

@media only screen and (max-width: 1024px) {
  .emotion-1 {
    max-width: 340px;
  }
}

@media only screen and (max-width: 767px) {
  .emotion-1 {
    width: 100%;
  }
}

@media only screen and (max-width: 480px) {
  .emotion-1>div {
    padding: 16px 32px;
  }
}

.emotion-3 {
  outline: none;
  width: 100%;
  max-width: 610px;
  --search-input-background-color: #FFFFFF;
}

.emotion-3>div[role='searchbox'] {
  background-color: var(--search-input-background-color);
}

.dark-theme .emotion-3 {
  --search-input-background-color: #112733;
}

.emotion-4 {
  position: relative;
  display: grid;
  grid-auto-flow: column;
  -webkit-align-items: center;
  -webkit-box-align: center;
  -ms-flex-align: center;
  align-items: center;
  justify-items: center;
  border: 1px solid;
  border-radius: 6px;
  z-index: 0;
  -webkit-transition: 150ms ease-in-out;
  transition: 150ms ease-in-out;
  transition-property: border-color,box-shadow;
  font-size: 13px;
  line-height: 20px;
  height: 36px;
  grid-template-columns: 36px 1fr;
  grid-auto-columns: 36px;
  color: #001E2B;
  background: #FFFFFF;
  border-color: #889397;
}

.emotion-4:hover:not(:disabled):not(:focus-within),
.emotion-4:active:not(:disabled):not(:focus-within) {
  box-shadow: 0 0 0 3px #E8EDEB;
}

.emotion-5 {
  -webkit-flex-shrink: 0;
  -ms-flex-negative: 0;
  flex-shrink: 0;
  color: #5C6C75;
  left: 12px;
}

.emotion-6 {
  font-size: inherit;
  line-height: inherit;
  color: inherit;
  background-color: inherit;
  font-family: 'Euclid Circular A','Helvetica Neue',Helvetica,Arial,sans-serif;
  width: 100%;
  height: 1.5em;
  font-weight: 400;
  z-index: 1;
  outline: none;
  border: none;
  padding: 0;
}

.emotion-6[aria-disabled='true'] {
  cursor: not-allowed;
}

.emotion-6[aria-disabled='true']:hover,
.emotion-6[aria-disabled='true']:active {
  box-shadow: none;
}

.emotion-6::-webkit-input-placeholder {
  font-size: inherit;
  line-height: inherit;
}

.emotion-6::-moz-placeholder {
  font-size: inherit;
  line-height: inherit;
}

.emotion-6:-ms-input-placeholder {
  font-size: inherit;
  line-height: inherit;
}

.emotion-6::placeholder {
  font-size: inherit;
  line-height: inherit;
}

.emotion-6::-ms-clear,
.emotion-6::-ms-reveal {
  display: none;
  width: 0;
  height: 0;
}

.emotion-6::-webkit-search-decoration,
.emotion-6::-webkit-search-cancel-button,
.emotion-6::-webkit-search-results-button,
.emotion-6::-webkit-search-results-decoration {
  display: none;
}

.emotion-6:-webkit-autofill {
  color: inherit;
  background: transparent;
  border: none;
  -webkit-text-fill-color: inherit;
}

.emotion-6:-webkit-autofill[aria-disabled='false'] {
  box-shadow: 0 0 0 100px #FFFFFF inset;
}

.emotion-6:-webkit-autofill[aria-disabled='false']:focus {
  box-shadow: 0 0 0 100px #FFFFFF inset,0 0 0 3px #0498EC;
}

.emotion-6:-webkit-autofill[aria-disabled='false']:hover:not(:focus) {
  box-shadow: 0 0 0 100px #FFFFFF inset,0 0 0 3px #E8EDEB;
}

.emotion-6::-webkit-input-placeholder {
  color: #889397;
  font-weight: 400;
}

.emotion-6::-moz-placeholder {
  color: #889397;
  font-weight: 400;
}

.emotion-6:-ms-input-placeholder {
  color: #889397;
  font-weight: 400;
}

.emotion-6::placeholder {
  color: #889397;
  font-weight: 400;
}

.emotion-6[aria-disabled='true']::-webkit-input-placeholder {
  color: #889397;
}

.emotion-6[aria-disabled='true']::-moz-placeholder {
  color: #889397;
}

.emotion-6[aria-disabled='true']:-ms-input-placeholder {
  color: #889397;
}

.emotion-6[aria-disabled='true']::placeholder {
  color: #889397;
}

.emotion-6[aria-disabled='true']:-webkit-autofill,
.emotion-6[aria-disabled='true']:-webkit-autofill:hover,
.emotion-6[aria-disabled='true']:-webkit-autofill:focus {
  -webkit-appearance: none;
  -moz-appearance: none;
  -ms-appearance: none;
  appearance: none;
  border: 1px solid #889397;
  -webkit-text-fill-color: #889397;
  box-shadow: 0 0 0 100px #E8EDEB inset;
}

.emotion-7 {
  position: relative;
  top: 0;
  right: 32px;
  justify-self: flex-end;
}

@media only screen and (max-width: 1024px) {
  .emotion-7 {
    right: 24px;
    padding-left: 3rem;
  }
}

@media only screen and (max-width: 480px) {
  .emotion-7 {
    padding-left: 2rem;
  }
}

.emotion-8 {
  display: -webkit-box;
  display: -webkit-flex;
  display: -ms-flexbox;
  display: flex;
  -webkit-align-items: center;
  -webkit-box-align: center;
  -ms-flex-align: center;
  align-items: center;
  -webkit-column-gap: 16px;
  column-gap: 16px;
}

.emotion-10 {
  border: none;
  -webkit-appearance: unset;
  padding: unset;
  display: inline-block;
  border-radius: 100px;
  position: relative;
  cursor: pointer;
  -webkit-flex-shrink: 0;
  -ms-flex-negative: 0;
  flex-shrink: 0;
  -webkit-transition: 150ms ease-in-out;
  transition: 150ms ease-in-out;
  transition-property: color,box-shadow;
  background-color: rgba(255, 255, 255, 0);
  height: 28px;
  width: 28px;
  color: #5C6C75;
  -webkit-align-content: center;
  -ms-flex-line-pack: center;
  align-content: center;
  cursor: pointer;
}

.emotion-10:before {
  content: '';
  -webkit-transition: 150ms all ease-in-out;
  transition: 150ms all ease-in-out;
  position: absolute;
  top: 0;
  bottom: 0;
  left: 0;
  right: 0;
  border-radius: 100%;
  opacity: 0;
  -webkit-transform: scale(0.8);
  -moz-transform: scale(0.8);
  -ms-transform: scale(0.8);
  transform: scale(0.8);
}

.emotion-10:active:before,
.emotion-10:hover:before,
.emotion-10:focus:before {
  opacity: 1;
  -webkit-transform: scale(1);
  -moz-transform: scale(1);
  -ms-transform: scale(1);
  transform: scale(1);
}

.emotion-10:focus {
  outline: none;
}

.emotion-10:active,
.emotion-10:hover {
  color: #001E2B;
}

.emotion-10:active:before,
.emotion-10:hover:before {
  background-color: #E8EDEB;
}

.emotion-10:focus-visible {
  color: #001E2B;
  box-shadow: 0 0 0 2px #FFFFFF,0 0 0 4px #0498EC;
}

.emotion-10:focus-visible:before {
  background-color: #E8EDEB;
}

.emotion-10>div {
  position: relative;
}

.emotion-11 {
  position: absolute;
  top: 0;
  bottom: 0;
  left: 0;
  right: 0;
  display: -webkit-box;
  display: -webkit-flex;
  display: -ms-flexbox;
  display: flex;
  -webkit-align-items: center;
  -webkit-box-align: center;
  -ms-flex-align: center;
  align-items: center;
  -webkit-box-pack: center;
  -ms-flex-pack: center;
  -webkit-justify-content: center;
  justify-content: center;
}

.emotion-11 {
  position: absolute;
  top: 0;
  bottom: 0;
  left: 0;
  right: 0;
  display: -webkit-box;
  display: -webkit-flex;
  display: -ms-flexbox;
  display: flex;
  -webkit-align-items: center;
  -webkit-box-align: center;
  -ms-flex-align: center;
  align-items: center;
  -webkit-box-pack: center;
  -ms-flex-pack: center;
  -webkit-justify-content: center;
  justify-content: center;
}

.emotion-12 {
  position: relative;
}

.emotion-14 {
  -webkit-appearance: none;
  -moz-appearance: none;
  -ms-appearance: none;
  appearance: none;
  padding: 0;
  margin: 0;
  background-color: transparent;
  border: 1px solid transparent;
  display: -webkit-inline-box;
  display: -webkit-inline-flex;
  display: -ms-inline-flexbox;
  display: inline-flex;
  -webkit-align-items: stretch;
  -webkit-box-align: stretch;
  -ms-flex-align: stretch;
  align-items: stretch;
  -webkit-transition: all 150ms ease-in-out;
  transition: all 150ms ease-in-out;
  position: relative;
  -webkit-text-decoration: none;
  text-decoration: none;
  cursor: pointer;
  z-index: 0;
  font-family: 'Euclid Circular A','Helvetica Neue',Helvetica,Arial,sans-serif;
  border-radius: 6px;
  background-color: #F9FBFA;
  border-color: #889397;
  color: #001E2B;
  font-size: 13px;
  line-height: 20px;
  font-weight: 500;
  height: 36px;
}

.emotion-14:focus-visible,
.emotion-14[data-focus="true"] {
  outline: none;
}

.emotion-14:active,
.emotion-14[data-active="true"],
.emotion-14:focus,
.emotion-14:hover {
  -webkit-text-decoration: none;
  text-decoration: none;
}

.emotion-14:focus-visible,
.emotion-14[data-focus="true"] {
  color: #001E2B;
}

.emotion-14:hover,
.emotion-14[data-hover="true"],
.emotion-14:active,
.emotion-14[data-active="true"] {
  color: #001E2B;
  background-color: #FFFFFF;
  box-shadow: 0 0 0 3px #E8EDEB;
}

.emotion-14:focus-visible,
.emotion-14[data-focus="true"] {
  background-color: #FFFFFF;
  box-shadow: 0 0 0 2px #FFFFFF,0 0 0 4px #0498EC;
}

.emotion-15 {
  overflow: hidden;
  position: absolute;
  top: 0;
  left: 0;
  right: 0;
  bottom: 0;
  border-radius: 5px;
}

.emotion-15 {
  overflow: hidden;
  position: absolute;
  top: 0;
  left: 0;
  right: 0;
  bottom: 0;
  border-radius: 5px;
}

.emotion-16 {
  display: grid;
  grid-auto-flow: column;
  -webkit-box-pack: center;
  -ms-flex-pack: center;
  -webkit-justify-content: center;
  justify-content: center;
  -webkit-align-items: center;
  -webkit-box-align: center;
  -ms-flex-align: center;
  align-items: center;
  height: 100%;
  width: 100%;
  position: relative;
  -webkit-user-select: none;
  -moz-user-select: none;
  -ms-user-select: none;
  user-select: none;
  z-index: 0;
  -webkit-transition: all 150 ease-in-out;
  transition: all 150 ease-in-out;
  padding: 0 11px;
  gap: 6px;
}

<div>
    <div
      class="emotion-0"
    >
      <div
        class=" emotion-1 emotion-2"
      >
        <form
          class="emotion-3"
          role="search"
        >
          <div
            aria-label="Search MongoDB Docs"
            class="emotion-4"
            role="searchbox"
            tabindex="-1"
          >
            <svg
              alt=""
              aria-hidden="true"
              class="emotion-5"
              height="16"
              role="presentation"
              viewBox="0 0 16 16"
              width="16"
            >
              <path
                clip-rule="evenodd"
                d="M2.3234 9.81874C4.07618 11.5715 6.75062 11.8398 8.78588 10.6244L12.93 14.7685C13.4377 15.2762 14.2608 15.2762 14.7685 14.7685C15.2762 14.2608 15.2762 13.4377 14.7685 12.93L10.6244 8.78588C11.8398 6.75062 11.5715 4.07619 9.81873 2.32341C7.74896 0.253628 4.39318 0.253628 2.3234 2.32341C0.253624 4.39319 0.253624 7.74896 2.3234 9.81874ZM7.98026 4.16188C9.03467 5.2163 9.03467 6.92585 7.98026 7.98026C6.92584 9.03468 5.2163 9.03468 4.16188 7.98026C3.10746 6.92585 3.10746 5.2163 4.16188 4.16188C5.2163 3.10747 6.92584 3.10747 7.98026 4.16188Z"
                fill="currentColor"
                fill-rule="evenodd"
              />
            </svg>
            <input
              class="emotion-6"
              placeholder="Search MongoDB Docs or Ask MongoDB AI"
              type="search"
              value=""
            />
          </div>
        </form>
      </div>
      <div
        class="emotion-7 emotion-8 emotion-9"
      >
        <div
          aria-disabled="false"
          aria-expanded="false"
          aria-haspopup="true"
          aria-label="Dark Mode Menu"
          aria-labelledby="Dark Mode Menu"
          class="emotion-10"
          tabindex="0"
        >
          <div
            class="emotion-11"
          >
            <svg
              aria-label="Sun Icon"
              class=""
              fill="none"
              height="16"
              role="img"
              viewBox="0 0 16 16"
              width="16"
              xmlns="http://www.w3.org/2000/svg"
            >
              <path
                d="M12.24 10.83a.996.996 0 1 0-1.41 1.41l.71.71a.996.996 0 1 0 1.41-1.41l-.71-.71ZM8 12c-.55 0-1 .45-1 1v1c0 .55.45 1 1 1s1-.45 1-1v-1c0-.55-.45-1-1-1ZM8 11a3 3 0 1 0 0-6 3 3 0 0 0 0 6ZM14 7h-1c-.55 0-1 .45-1 1s.45 1 1 1h1c.55 0 1-.45 1-1s-.45-1-1-1ZM3.76 10.83l-.71.71a.996.996 0 1 0 1.41 1.41l.71-.71a.996.996 0 1 0-1.41-1.41ZM8 4c.55 0 1-.45 1-1V2c0-.55-.45-1-1-1s-1 .45-1 1v1c0 .55.45 1 1 1ZM3.76 5.17a.996.996 0 1 0 1.41-1.41l-.71-.71a.996.996 0 1 0-1.41 1.41l.71.71ZM4 8c0-.55-.45-1-1-1H2c-.55 0-1 .45-1 1s.45 1 1 1h1c.55 0 1-.45 1-1ZM12.24 5.17l.71-.71a.996.996 0 1 0-1.41-1.41l-.71.71a.996.996 0 1 0 1.41 1.41Z"
                fill="currentColor"
              />
            </svg>
          </div>
        </div>
        <div
          class="emotion-12 emotion-13"
        >
          <button
            aria-disabled="false"
            class="lg-ui-button-0000 emotion-14"
            data-lgid="lg-button"
            type="button"
          >
            <div
              class="emotion-15"
            />
            <div
              class="emotion-16"
            >
              Feedback
            </div>
          </button>
        </div>
      </div>
    </div>
  </div>,
  "debug": [Function],
  "findAllByAltText": [Function],
  "findAllByDisplayValue": [Function],
  "findAllByLabelText": [Function],
  "findAllByPlaceholderText": [Function],
  "findAllByRole": [Function],
  "findAllByTestId": [Function],
  "findAllByText": [Function],
  "findAllByTitle": [Function],
  "findByAltText": [Function],
  "findByDisplayValue": [Function],
  "findByLabelText": [Function],
  "findByPlaceholderText": [Function],
  "findByRole": [Function],
  "findByTestId": [Function],
  "findByText": [Function],
  "findByTitle": [Function],
  "getAllByAltText": [Function],
  "getAllByDisplayValue": [Function],
  "getAllByLabelText": [Function],
  "getAllByPlaceholderText": [Function],
  "getAllByRole": [Function],
  "getAllByTestId": [Function],
  "getAllByText": [Function],
  "getAllByTitle": [Function],
  "getByAltText": [Function],
  "getByDisplayValue": [Function],
  "getByLabelText": [Function],
  "getByPlaceholderText": [Function],
  "getByRole": [Function],
  "getByTestId": [Function],
  "getByText": [Function],
  "getByTitle": [Function],
  "queryAllByAltText": [Function],
  "queryAllByDisplayValue": [Function],
  "queryAllByLabelText": [Function],
  "queryAllByPlaceholderText": [Function],
  "queryAllByRole": [Function],
  "queryAllByTestId": [Function],
  "queryAllByText": [Function],
  "queryAllByTitle": [Function],
  "queryByAltText": [Function],
  "queryByDisplayValue": [Function],
  "queryByLabelText": [Function],
  "queryByPlaceholderText": [Function],
  "queryByRole": [Function],
  "queryByTestId": [Function],
  "queryByText": [Function],
  "queryByTitle": [Function],
  "rerender": [Function],
  "unmount": [Function],
}
`;
