// Jest Snapshot v1, https://goo.gl/fbAQLP

exports[`renders correctly 1`] = `
<StyledCard
  onClick={[Function]}
>
  <ConditionalWrapper
    wrapper={[Function]}
  >
    <CardIcon
      alt="MongoDB University icon"
      src="/images/icons/university.svg"
    />
  </ConditionalWrapper>
  <ConditionalWrapper
    wrapper={[Function]}
  >
    <FlexTag
      text="Test card tag"
    />
    <H4>
      Test card headline
    </H4>
    <ComponentFactory
      key="0"
      nodeData={
        Object {
          "children": Array [
            Object {
              "position": Object {
                "start": Object {
                  "line": 136,
                },
              },
              "type": "text",
              "value": "Test card paragraph",
            },
          ],
          "position": Object {
            "start": Object {
              "line": 136,
            },
          },
          "type": "paragraph",
        }
      }
    />
    <CTA>
      <Link
        to="https://university.mongodb.com/courses/M001/about"
      >
        Test card CTA
      </Link>
    </CTA>
  </ConditionalWrapper>
</StyledCard>
`;
