// Jest Snapshot v1, https://goo.gl/fbAQLP

exports[`card correctly with and without url 1`] = `
<DocumentFragment>
  .emotion-0 {
  -webkit-align-items: stretch;
  -webkit-box-align: stretch;
  -ms-flex-align: stretch;
  align-items: stretch;
  display: grid;
  grid-column: 1/-1!important;
  grid-column-gap: 24px;
  grid-row-gap: 24px;
  grid-template-columns: repeat(3, 1fr);
  margin: 32px 0;
}

@media only screen and (max-width: 1200px) {
  .emotion-0 {
    grid-template-columns: repeat(2, 1fr);
  }
}

@media only screen and (max-width: 767px) {
  .emotion-0 {
    grid-template-columns: repeat(1, 1fr);
    grid-column-gap: 16px;
  }
}

@media only screen and (max-width: 480px) {
  .emotion-0 {
    grid-column-gap: 16px;
    grid-template-columns: 'auto';
    grid-row-gap: '16px';
  }
}

.emotion-2 {
  position: relative;
  -webkit-transition: 150ms ease-in-out;
  transition: 150ms ease-in-out;
  transition-property: border,box-shadow;
  border: 1px solid #E8EDEB;
  box-shadow: 0 4px 10px -4px rgba(0,30,43,0.3);
  background-color: white;
  color: #1C2D38;
  border-radius: 24px;
  font-family: 'Euclid Circular A',Akzidenz,'Helvetica Neue',Helvetica,Arial,sans-serif;
  font-size: 13px;
  line-height: 20px;
  padding: 24px;
  min-height: 68px;
  display: -webkit-box;
  display: -webkit-flex;
  display: -ms-flexbox;
  display: flex;
  height: 100%;
  -webkit-flex-direction: column;
  -ms-flex-direction: column;
  flex-direction: column;
  padding: 32px;
  -webkit-align-items: flex-start;
  -webkit-box-align: flex-start;
  -ms-flex-align: flex-start;
  align-items: flex-start;
  -webkit-flex-direction: row;
  -ms-flex-direction: row;
  flex-direction: row;
  padding: 32px 24px;
}

.emotion-2 p:last-of-type {
  margin-bottom: 0;
}

.emotion-3 {
  width: 24px;
}

@media only screen and (max-width: 480px) {
  .emotion-3 {
    width: 20px;
  }
}

.emotion-5 {
  display: -webkit-box;
  display: -webkit-flex;
  display: -ms-flexbox;
  display: flex;
  -webkit-flex-direction: column;
  -ms-flex-direction: column;
  flex-direction: column;
  height: 100%;
  margin-left: 8px;
}

@media only screen and (max-width: 480px) {
  .emotion-5 {
    margin-left: 16px;
  }
}

.emotion-5 p {
  line-height: 24px;
}

.emotion-7 {
  margin: unset;
  font-family: 'Euclid Circular A',Akzidenz,'Helvetica Neue',Helvetica,Arial,sans-serif;
  color: #001E2B;
  font-size: 13px;
  line-height: 20px;
  color: #001E2B;
  font-weight: 500;
  font-weight: 600;
  letter-spacing: 0.5px;
  margin: 0 0 8px;
}

.emotion-7 strong,
.emotion-7 b {
  font-weight: 700;
}

.emotion-8 {
  margin: unset;
  font-family: 'Euclid Circular A',Akzidenz,'Helvetica Neue',Helvetica,Arial,sans-serif;
  color: #001E2B;
  font-size: 13px;
  line-height: 20px;
  color: #001E2B;
  font-weight: 400;
  margin-bottom: 16px;
}

.emotion-8 strong,
.emotion-8 b {
  font-weight: 700;
}

.emotion-10 {
  -webkit-align-items: center;
  -webkit-box-align: center;
  -ms-flex-align: center;
  align-items: center;
  cursor: pointer;
  position: relative;
  -webkit-text-decoration: none!important;
  text-decoration: none!important;
  line-height: 13px;
  outline: none;
  color: #016BF8;
}

.emotion-10:focus {
  outline: none;
}

.emotion-10>code {
  color: #016BF8;
}

.emotion-10::after {
  content: '';
  position: absolute;
  width: 100%;
  height: 2px;
  bottom: -4px;
  left: 0;
  border-radius: 2px;
}

.emotion-10:focus .emotion-10::after {
  background-color: #0498EC;
}

.emotion-10:hover::after {
  background-color: #E8EDEB;
}

.emotion-11 {
  background: #F9FBFA;
  border-radius: 4px;
  border: 1px solid #C1C7C6;
  box-sizing: border-box;
  display: inline-block;
  font-size: 13px!important;
  font-weight: 600;
  margin-bottom: 4px;
  margin-right: 4px;
  padding: 4px;
}

.emotion-11:after {
  content: ' âž”';
}

.emotion-22 {
  position: relative;
  -webkit-transition: 150ms ease-in-out;
  transition: 150ms ease-in-out;
  transition-property: border,box-shadow;
  border: 1px solid #E8EDEB;
  box-shadow: 0 4px 10px -4px rgba(0,30,43,0.3);
  background-color: white;
  color: #1C2D38;
  border-radius: 24px;
  font-family: 'Euclid Circular A',Akzidenz,'Helvetica Neue',Helvetica,Arial,sans-serif;
  font-size: 13px;
  line-height: 20px;
  padding: 24px;
  min-height: 68px;
  cursor: pointer;
  display: -webkit-box;
  display: -webkit-flex;
  display: -ms-flexbox;
  display: flex;
  height: 100%;
  -webkit-flex-direction: column;
  -ms-flex-direction: column;
  flex-direction: column;
  padding: 32px;
  -webkit-align-items: flex-start;
  -webkit-box-align: flex-start;
  -ms-flex-align: flex-start;
  align-items: flex-start;
  -webkit-flex-direction: row;
  -ms-flex-direction: row;
  flex-direction: row;
  padding: 32px 24px;
}

.emotion-22:focus {
  outline: none;
  box-shadow: 0 0 0 2px #FFFFFF,0 0 0 4px #0498EC,0 4px 10px -4px rgba(0,30,43,0.3);
}

.emotion-22:hover,
.emotion-22:active {
  border: 1px solid #E8EDEB;
  box-shadow: 0 4px 20px -4px rgba(0,30,43,0.2);
}

.emotion-22:hover:focus,
.emotion-22:active:focus {
  box-shadow: 0 0 0 2px #FFFFFF,0 0 0 4px #0498EC,0 4px 20px -4px rgba(0,30,43,0.2);
}

.emotion-22 p:last-of-type {
  margin-bottom: 0;
}

.emotion-29 {
  margin: unset;
  font-family: 'Euclid Circular A',Akzidenz,'Helvetica Neue',Helvetica,Arial,sans-serif;
  color: #001E2B;
  font-size: 13px;
  line-height: 20px;
  color: #001E2B;
  font-weight: 400;
}

.emotion-29 strong,
.emotion-29 b {
  font-weight: 700;
}

.emotion-29 a {
  line-height: unset;
}

.emotion-30 {
  font-size: 13px;
  line-height: 20px;
  font-family: 'Euclid Circular A',Akzidenz,'Helvetica Neue',Helvetica,Arial,sans-serif;
  display: -webkit-inline-box;
  display: -webkit-inline-flex;
  display: -ms-inline-flexbox;
  display: inline-flex;
  -webkit-align-items: center;
  -webkit-box-align: center;
  -ms-flex-align: center;
  align-items: center;
  -webkit-text-decoration: none;
  text-decoration: none;
  cursor: pointer;
  line-height: 13px;
  color: #016BF8;
  font-weight: 400;
  -webkit-text-decoration: none!important;
  text-decoration: none!important;
}

.emotion-30:focus {
  outline: none;
}

.emotion-31 {
  position: relative;
}

.emotion-31::after {
  content: '';
  position: absolute;
  width: 100%;
  height: 2px;
  bottom: -4px;
  left: 0;
  border-radius: 2px;
}

.constant-classname:focus .emotion-31::after {
  background-color: #0498EC;
}

.constant-classname:hover .emotion-31::after {
  background-color: #E8EDEB;
}

<div
    class="card-group  emotion-0 emotion-1"
  >
    <div
      class="emotion-2"
    >
      <img
        class="emotion-3 emotion-4"
        src="/images/icons/realm_sdk.svg"
      />
      <div
        class="emotion-5 emotion-6"
      >
        <p
          class="emotion-7"
        >
          Realm SDKs
        </p>
        <p
          class="emotion-8"
        >
          Use platform-specific libraries to include and work with the Realm database in your application.
        </p>
        <p
          class="emotion-8"
        >
          <a
            class="emotion-10 emotion-11"
            href="/sdk/android/#std-label-android-intro"
          >
            Android
          </a>
          

          <a
            class="emotion-10 emotion-11"
            href="/sdk/ios/#std-label-ios-intro"
          >
            iOS
          </a>
          

          <a
            class="emotion-10 emotion-11"
            href="/sdk/dotnet/#std-label-dotnet-intro"
          >
            .Net
          </a>
          

          <a
            class="emotion-10 emotion-11"
            href="/web/#std-label-web-intro"
          >
            Web
          </a>
          

          <a
            class="emotion-10 emotion-11"
            href="/sdk/react-native/#std-label-react-native-intro"
          >
            React Native
          </a>
          

          <a
            class="emotion-10 emotion-11"
            href="/sdk/node/#std-label-node-intro"
          >
            Node.js
          </a>
        </p>
      </div>
    </div>
    <div
      class="emotion-22"
    >
      <img
        class="emotion-3 emotion-4"
        src="/images/icons/realm.svg"
      />
      <div
        class="emotion-5 emotion-6"
      >
        <p
          class="emotion-7"
        >
          MongoDB Realm
        </p>
        <p
          class="emotion-8"
        >
          Discover how to sync data, define permissions, and connect to other services, including MongoDB Atlas.
        </p>
        <p
          class="emotion-29"
        >
          <a
            class="constant-classname emotion-30"
            href="https://docs.mongodb.com/realm/services/"
            target="_self"
          >
            <span
              class="emotion-31"
            >
              Learn more about MongoDB Realm Application Services
            </span>
          </a>
        </p>
      </div>
    </div>
  </div>
</DocumentFragment>
`;
