// Jest Snapshot v1, https://goo.gl/fbAQLP

exports[`collapsible component renders all the content in the options and children 1`] = `
<DocumentFragment>
  .emotion-0 {
  border-bottom: 1px solid #E8EDEB;
}

.emotion-0:nth-child(1 of .collapsible) {
  border-top: 1px solid #E8EDEB;
  margin-top: 32px;
}

.emotion-0:nth-last-child(1 of .collapsible) {
  margin-bottom: 32px;
}

.emotion-1 {
  display: -webkit-box;
  display: -webkit-flex;
  display: -ms-flexbox;
  display: flex;
  -webkit-box-pack: justify;
  -webkit-justify-content: space-between;
  justify-content: space-between;
  -webkit-column-gap: 24px;
  column-gap: 24px;
  margin: 32px 0;
}

.emotion-2 {
  margin: unset;
  font-family: 'Euclid Circular A','Helvetica Neue',Helvetica,Arial,sans-serif;
  color: #001E2B;
  font-size: 24px;
  line-height: 32px;
  font-weight: 500;
  color: #001E2B;
  margin-top: 24px;
  margin-bottom: 8px;
  color: var(--font-color-primary);
  margin-top: 0;
}

.emotion-3 {
  -webkit-align-self: center;
  -ms-flex-item-align: center;
  align-self: center;
  padding: 0 10px;
  visibility: hidden;
}

.emotion-4 {
  color: #889397;
  vertical-align: middle;
  margin-top: -2px;
}

.emotion-5 {
  margin-top: -175px;
  position: absolute;
  padding-bottom: 2px;
}

.emotion-7 {
  margin: unset;
  font-family: 'Euclid Circular A','Helvetica Neue',Helvetica,Arial,sans-serif;
  color: #001E2B;
  font-size: 13px;
  line-height: 20px;
  color: #001E2B;
  font-weight: 400;
}

.emotion-7 strong,
.emotion-7 b {
  font-weight: 700;
}

.emotion-8 {
  border: none;
  -webkit-appearance: unset;
  padding: unset;
  display: inline-block;
  border-radius: 100px;
  position: relative;
  cursor: pointer;
  -webkit-flex-shrink: 0;
  -ms-flex-negative: 0;
  flex-shrink: 0;
  -webkit-transition: 150ms ease-in-out;
  transition: 150ms ease-in-out;
  transition-property: color,box-shadow;
  background-color: rgba(255, 255, 255, 0);
  height: 28px;
  width: 28px;
  color: #5C6C75;
  -webkit-align-self: center;
  -ms-flex-item-align: center;
  align-self: center;
  -webkit-flex-shrink: 0;
  -ms-flex-negative: 0;
  flex-shrink: 0;
  color: #5C6C75;
}

.emotion-8:before {
  content: '';
  -webkit-transition: 150ms all ease-in-out;
  transition: 150ms all ease-in-out;
  position: absolute;
  top: 0;
  bottom: 0;
  left: 0;
  right: 0;
  border-radius: 100%;
  -webkit-transform: scale(0.8);
  -moz-transform: scale(0.8);
  -ms-transform: scale(0.8);
  transform: scale(0.8);
}

.emotion-8:active:before,
.emotion-8:hover:before,
.emotion-8:focus:before {
  -webkit-transform: scale(1);
  -moz-transform: scale(1);
  -ms-transform: scale(1);
  transform: scale(1);
}

.emotion-8:focus {
  outline: none;
}

.emotion-8:active,
.emotion-8:hover {
  color: #001E2B;
}

.emotion-8:active:before,
.emotion-8:hover:before {
  background-color: rgba(61,79,88,0.1);
}

.emotion-8:focus-visible {
  color: #001E2B;
  box-shadow: 0 0 0 2px #FFFFFF,0 0 0 4px #0498EC;
}

.emotion-8:focus-visible:before {
  background-color: rgba(61,79,88,0.1);
}

.emotion-9 {
  position: absolute;
  top: 0;
  bottom: 0;
  left: 0;
  right: 0;
  display: -webkit-box;
  display: -webkit-flex;
  display: -ms-flexbox;
  display: flex;
  -webkit-align-items: center;
  -webkit-box-align: center;
  -ms-flex-align: center;
  align-items: center;
  -webkit-box-pack: center;
  -ms-flex-pack: center;
  -webkit-justify-content: center;
  justify-content: center;
}

.emotion-10 {
  overflow: hidden;
  height: 0;
  visibility: hidden;
}

.emotion-11 {
  margin: unset;
  font-family: 'Euclid Circular A','Helvetica Neue',Helvetica,Arial,sans-serif;
  color: #001E2B;
  font-size: 13px;
  line-height: 20px;
  color: #001E2B;
  font-weight: 400;
  margin-bottom: 16px;
  color: var(--font-color-primary);
}

.emotion-11 strong,
.emotion-11 b {
  font-weight: 700;
}

.emotion-12 {
  display: table;
  margin: 24px 0;
  min-width: 150px;
  table-layout: fixed;
  width: 100%;
}

.emotion-12 button>div>div {
  font-size: 13px;
}

.emotion-12>div>div {
  display: grid;
  grid-template-columns: code panel;
}

.emotion-12>div {
  border-top-left-radius: 12px;
  border-top-right-radius: 12px;
  display: grid;
  border-color: #E8EDEB;
}

.dark-theme .emotion-12>div {
  border-color: #3D4F58;
}

.emotion-12 pre {
  background-color: #F9FBFA;
  color: #001E2B;
}

.dark-theme .emotion-12 pre {
  background-color: #001E2B;
  color: #F9FBFA;
}

.emotion-12 [data-testid='leafygreen-code-panel'] {
  background-color: #FFFFFF;
  border-color: #E8EDEB;
}

.dark-theme .emotion-12 [data-testid='leafygreen-code-panel'] {
  background-color: #3D4F58;
  border-color: #3D4F58;
}

.emotion-12 [class*="lg-highlight-hljs-"] .lg-highlight-keyword,
.emotion-12 [class*="lg-highlight-hljs-"] .lg-highlight-keyword.lg-highlight-function,
.emotion-12 [class*="lg-highlight-hljs-"] .lg-highlight-keyword.lg-highlight-class,
.emotion-12 [class*="lg-highlight-hljs-"] .lg-highlight-selector-tag,
.emotion-12 [class*="lg-highlight-hljs-"] .lg-highlight-selector-attr,
.emotion-12 [class*="lg-highlight-hljs-"] .lg-highlight-selector-pseudo,
.emotion-12 [class*="lg-highlight-hljs-"] .lg-highlight-selector-id,
.emotion-12 [class*="lg-highlight-hljs-"] .lg-highlight-selector-class {
  color: #CC3887;
}

.dark-theme .emotion-12 [class*="lg-highlight-hljs-"] .lg-highlight-keyword,
.dark-theme .emotion-12 [class*="lg-highlight-hljs-"] .lg-highlight-keyword.lg-highlight-function,
.dark-theme .emotion-12 [class*="lg-highlight-hljs-"] .lg-highlight-keyword.lg-highlight-class,
.dark-theme .emotion-12 [class*="lg-highlight-hljs-"] .lg-highlight-selector-tag,
.dark-theme .emotion-12 [class*="lg-highlight-hljs-"] .lg-highlight-selector-attr,
.dark-theme .emotion-12 [class*="lg-highlight-hljs-"] .lg-highlight-selector-pseudo,
.dark-theme .emotion-12 [class*="lg-highlight-hljs-"] .lg-highlight-selector-id,
.dark-theme .emotion-12 [class*="lg-highlight-hljs-"] .lg-highlight-selector-class {
  color: #FF7DC3;
}

.emotion-12 [class*="lg-highlight-hljs-"] .lg-highlight-regexp,
.emotion-12 [class*="lg-highlight-hljs-"] .lg-highlight-number,
.emotion-12 [class*="lg-highlight-hljs-"] .lg-highlight-literal,
.emotion-12 [class*="lg-highlight-hljs-"] .lg-highlight-function.lg-highlight-title {
  color: #016ee9;
}

.dark-theme .emotion-12 [class*="lg-highlight-hljs-"] .lg-highlight-regexp,
.dark-theme .emotion-12 [class*="lg-highlight-hljs-"] .lg-highlight-number,
.dark-theme .emotion-12 [class*="lg-highlight-hljs-"] .lg-highlight-literal,
.dark-theme .emotion-12 [class*="lg-highlight-hljs-"] .lg-highlight-function.lg-highlight-title {
  color: #2dc4ff;
}

.emotion-12 [class*="lg-highlight-hljs-"] .lg-highlight-quote,
.emotion-12 [class*="lg-highlight-hljs-"] .lg-highlight-section,
.emotion-12 [class*="lg-highlight-hljs-"] .lg-highlight-name {
  color: #007ab8;
}

.dark-theme .emotion-12 [class*="lg-highlight-hljs-"] .lg-highlight-quote,
.dark-theme .emotion-12 [class*="lg-highlight-hljs-"] .lg-highlight-section,
.dark-theme .emotion-12 [class*="lg-highlight-hljs-"] .lg-highlight-name {
  color: #a5e3ff;
}

.emotion-12 [class*="lg-highlight-hljs-"] .lg-highlight-string,
.emotion-12 [class*="lg-highlight-hljs-"] .lg-highlight-addition {
  color: #12824D;
}

.dark-theme .emotion-12 [class*="lg-highlight-hljs-"] .lg-highlight-string,
.dark-theme .emotion-12 [class*="lg-highlight-hljs-"] .lg-highlight-addition {
  color: #35DE7B;
}

.emotion-12 [class*="lg-highlight-hljs-"] .lg-highlight-meta,
.emotion-12 [class*="lg-highlight-hljs-"] .lg-highlight-meta-string {
  color: #956d00;
}

.dark-theme .emotion-12 [class*="lg-highlight-hljs-"] .lg-highlight-meta,
.dark-theme .emotion-12 [class*="lg-highlight-hljs-"] .lg-highlight-meta-string {
  color: #EDB210;
}

.emotion-12 [class*="lg-highlight-hljs-"] .lg-highlight-variable,
.emotion-12 [class*="lg-highlight-hljs-"] .lg-highlight-deletion,
.emotion-12 [class*="lg-highlight-hljs-"] .lg-highlight-symbol,
.emotion-12 [class*="lg-highlight-hljs-"] .lg-highlight-bullet,
.emotion-12 [class*="lg-highlight-hljs-"] .lg-highlight-meta,
.emotion-12 [class*="lg-highlight-hljs-"] .lg-highlight-link,
.emotion-12 [class*="lg-highlight-hljs-"] .lg-highlight-attr,
.emotion-12 [class*="lg-highlight-hljs-"] .lg-highlight-attribute,
.emotion-12 [class*="lg-highlight-hljs-"] .lg-highlight-language,
.emotion-12 [class*="lg-highlight-hljs-"] .lg-highlight-template-variable,
.emotion-12 [class*="lg-highlight-hljs-"] .lg-highlight-built_in,
.emotion-12 [class*="lg-highlight-hljs-"] .lg-highlight-type,
.emotion-12 [class*="lg-highlight-hljs-"] .lg-highlight-params {
  color: #D83713;
}

.dark-theme .emotion-12 [class*="lg-highlight-hljs-"] .lg-highlight-variable,
.dark-theme .emotion-12 [class*="lg-highlight-hljs-"] .lg-highlight-deletion,
.dark-theme .emotion-12 [class*="lg-highlight-hljs-"] .lg-highlight-symbol,
.dark-theme .emotion-12 [class*="lg-highlight-hljs-"] .lg-highlight-bullet,
.dark-theme .emotion-12 [class*="lg-highlight-hljs-"] .lg-highlight-meta,
.dark-theme .emotion-12 [class*="lg-highlight-hljs-"] .lg-highlight-link,
.dark-theme .emotion-12 [class*="lg-highlight-hljs-"] .lg-highlight-attr,
.dark-theme .emotion-12 [class*="lg-highlight-hljs-"] .lg-highlight-attribute,
.dark-theme .emotion-12 [class*="lg-highlight-hljs-"] .lg-highlight-language,
.dark-theme .emotion-12 [class*="lg-highlight-hljs-"] .lg-highlight-template-variable,
.dark-theme .emotion-12 [class*="lg-highlight-hljs-"] .lg-highlight-built_in,
.dark-theme .emotion-12 [class*="lg-highlight-hljs-"] .lg-highlight-type,
.dark-theme .emotion-12 [class*="lg-highlight-hljs-"] .lg-highlight-params {
  color: #FF6F44;
}

.emotion-12 [class*="lg-highlight-hljs-"] .lg-highlight-title,
.emotion-12 [class*="lg-highlight-hljs-"] .lg-highlight-class.lg-highlight-title {
  color: #001E2B;
}

.dark-theme .emotion-12 [class*="lg-highlight-hljs-"] .lg-highlight-title,
.dark-theme .emotion-12 [class*="lg-highlight-hljs-"] .lg-highlight-class.lg-highlight-title {
  color: #F9FBFA;
}

.emotion-12 [class*="lg-highlight-hljs-"] .lg-highlight-doctag,
.emotion-12 [class*="lg-highlight-hljs-"] .lg-highlight-formula {
  color: #001E2B;
}

.dark-theme .emotion-12 [class*="lg-highlight-hljs-"] .lg-highlight-doctag,
.dark-theme .emotion-12 [class*="lg-highlight-hljs-"] .lg-highlight-formula {
  color: #F9FBFA;
}

.emotion-12 [class*="lg-highlight-hljs-"] .lg-highlight-comment {
  color: #3D4F58;
}

.dark-theme .emotion-12 [class*="lg-highlight-hljs-"] .lg-highlight-comment {
  color: #C1C7C6;
}

.emotion-13 {
  border: 1px solid #E8EDEB;
  border-radius: 12px;
  overflow: hidden;
}

.emotion-14 {
  position: relative;
  display: grid;
  grid-template-areas: 'code panel';
  grid-template-columns: auto 38px;
  border-radius: inherit;
  z-index: 0;
}

.emotion-14:before,
.emotion-14:after {
  content: '';
  display: block;
  position: absolute;
  z-index: 1;
  top: 0;
  height: 100%;
  width: 40px;
  border-radius: 40%;
  box-shadow: unset;
  -webkit-transition: box-shadow 100ms ease-in-out;
  transition: box-shadow 100ms ease-in-out;
}

.emotion-14:before {
  grid-column: 1;
  left: -40px;
}

.emotion-14:after {
  grid-column: 2;
}

.emotion-15 {
  grid-area: code;
  overflow-x: auto;
  border-radius: inherit;
  border-top-right-radius: 0;
  border-bottom-right-radius: 0;
  border: 0;
  padding-top: 8px;
  padding-bottom: 8px;
  margin: 0;
  position: relative;
  -webkit-transition: box-shadow 100ms ease-in-out;
  transition: box-shadow 100ms ease-in-out;
  white-space: pre;
  background-color: #F9FBFA;
  color: #001E2B;
  display: -webkit-box;
  display: -webkit-flex;
  display: -ms-flexbox;
  display: flex;
  -webkit-align-items: center;
  -webkit-box-align: center;
  -ms-flex-align: center;
  align-items: center;
  padding-top: 6px;
  padding-bottom: 6px;
}

@media only screen and (max-device-width: 812px) and (-webkit-min-device-pixel-ratio: 2) {
  .emotion-15 {
    white-space: pre-wrap;
  }
}

@media only screen and (min-device-width: 813px) and (-webkit-min-device-pixel-ratio: 2) {
  .emotion-15 {
    white-space: pre;
  }
}

.emotion-15:focus-visible {
  outline: none;
  box-shadow: 0 0 0 2px #0498EC inset;
}

.emotion-16 {
  color: inherit;
  font-family: 'Source Code Pro',Menlo,monospace;
  font-size: 13px;
  line-height: 20px;
}

.emotion-17 {
  border-spacing: 0;
}

.emotion-18 {
  border-spacing: 0;
  vertical-align: top;
  padding: 0 16px;
}

.emotion-19 {
  display: -webkit-box;
  display: -webkit-flex;
  display: -ms-flexbox;
  display: flex;
  -webkit-align-items: center;
  -webkit-box-align: center;
  -ms-flex-align: center;
  align-items: center;
  -webkit-flex-shrink: 0;
  -ms-flex-negative: 0;
  flex-shrink: 0;
  gap: 4px;
  background-color: #FFFFFF;
  -webkit-flex-direction: column;
  -ms-flex-direction: column;
  flex-direction: column;
  padding: 6px;
  border-left: solid 1px;
  border-color: #E8EDEB;
  z-index: 2;
  grid-area: panel;
}

.emotion-19 svg {
  width: 16px;
  height: 16px;
}

<div
    class="collapsible emotion-0"
  >
    <div
      class="emotion-1"
    >
      <div>
        <h2
          class="contains-headerlink emotion-2"
          weight="medium"
        >
          This is a heading
          <a
            class="headerlink emotion-3"
            href="#this-is-a-heading"
            title="Permalink to this heading"
          >
            <svg
              aria-label="Link Icon"
              class="emotion-4"
              fill="none"
              height="12"
              role="img"
              viewBox="0 0 16 16"
              width="12"
              xmlns="http://www.w3.org/2000/svg"
            >
              <path
                d="M6.039 9.953a3.596 3.596 0 0 1-.327-.38l1.45-1.445a1.553 1.553 0 0 0 2.496.423l2.885-2.87a1.57 1.57 0 0 0 .01-2.213 1.553 1.553 0 0 0-2.203-.01l-.379.377A.995.995 0 0 1 8.56 3.83a1.005 1.005 0 0 1 .006-1.418l.38-.377a3.542 3.542 0 0 1 5.024.023 3.58 3.58 0 0 1-.022 5.047l-2.884 2.871a3.542 3.542 0 0 1-5.025-.022Z"
                fill="currentColor"
              />
              <path
                d="M9.961 6.047c.12.12.228.248.327.38l-1.45 1.445a1.553 1.553 0 0 0-2.496-.423l-2.885 2.87a1.57 1.57 0 0 0-.01 2.213 1.553 1.553 0 0 0 2.203.01l.379-.377a.995.995 0 0 1 1.411.006 1.005 1.005 0 0 1-.006 1.418l-.38.377a3.542 3.542 0 0 1-5.024-.023 3.58 3.58 0 0 1 .022-5.047l2.884-2.871a3.542 3.542 0 0 1 5.025.022Z"
                fill="currentColor"
              />
            </svg>
          </a>
          <div
            class="emotion-5 emotion-6"
            id="this-is-a-heading"
          />
        </h2>
        <p
          class="emotion-7"
        >
          This is a subheading
        </p>
      </div>
      <button
        aria-disabled="false"
        aria-labelledby="Expand the collapsed content"
        class="emotion-8"
        tabindex="0"
      >
        <div
          class="emotion-9"
        >
          <svg
            aria-label="Chevron Right Icon"
            class=""
            fill="none"
            height="16"
            role="img"
            viewBox="0 0 16 16"
            width="16"
            xmlns="http://www.w3.org/2000/svg"
          >
            <path
              clip-rule="evenodd"
              d="M5.364 14.364a1 1 0 0 0 1.414 0l4.95-4.95.707-.707a1 1 0 0 0 0-1.414l-.707-.707-4.95-4.95a1 1 0 0 0-1.414 0l-.707.707a1 1 0 0 0 0 1.414L8.899 8l-4.242 4.243a1 1 0 0 0 0 1.414l.707.707Z"
              fill="currentColor"
              fill-rule="evenodd"
            />
          </svg>
        </div>
      </button>
    </div>
    <div
      class="emotion-10"
    >
      <p
        class="emotion-11"
      >
        This is collapsible content
      </p>
      <div
        class="emotion-12"
      >
        <div
          class="emotion-13"
        >
          <div
            class="emotion-14"
          >
            <pre
              class="emotion-15"
              tabindex="-1"
            >
              <code
                class="lg-highlight-hljs-light javascript emotion-16"
              >
                <table
                  class="emotion-17"
                >
                  <tbody>
                    <tr
                      class=""
                    >
                      <td
                        class="emotion-18"
                      >
                        <span
                          class="lg-highlight-title lg-highlight-class"
                        >
                          This
                        </span>
                         is code within collapsible content
                      </td>
                    </tr>
                  </tbody>
                </table>
              </code>
            </pre>
            <div
              class="emotion-19"
              data-testid="leafygreen-code-panel"
            />
          </div>
        </div>
      </div>
    </div>
  </div>
</DocumentFragment>
`;
