// Jest Snapshot v1, https://goo.gl/fbAQLP

exports[`Composable Tutorial component prioritizes query params over local storage if correct selections 1`] = `
<DocumentFragment>
  .emotion-0 {
  display: -webkit-box;
  display: -webkit-flex;
  display: -ms-flexbox;
  display: flex;
  position: -webkit-sticky;
  position: sticky;
  top: 60px;
  background: var(--background-color-primary);
  -webkit-column-gap: 16px;
  column-gap: 16px;
  row-gap: 12px;
  justify-items: space-between;
  border-bottom: 1px solid #E8EDEB;
  padding-bottom: 24px;
  padding-top: 8px;
  z-index: 2;
}

@media only screen and (max-width: 767px) {
  .emotion-0 {
    -webkit-box-flex-wrap: wrap;
    -webkit-flex-wrap: wrap;
    -ms-flex-wrap: wrap;
    flex-wrap: wrap;
  }
}

.emotion-1 {
  -webkit-flex: 1 1 200px;
  -ms-flex: 1 1 200px;
  flex: 1 1 200px;
  font-size: 13px;
  overflow: hidden;
  z-index: 800;
  max-width: 200px;
}

.emotion-1 label,
.emotion-1 button {
  font-size: inherit;
}

.emotion-1 label {
  text-overflow: ellipsis;
  overflow: hidden;
  white-space: nowrap;
}

.emotion-1>label {
  color: var(--font-color-primary);
}

.emotion-1 button {
  margin-top: 3px;
}

.dark-theme .emotion-1>button {
  background-color: var(--gray-dark4);
  color: var(--gray-light3);
}

@media only screen and (max-width: 767px) {
  .emotion-1 {
    -webkit-flex: 0 1 calc(50% - 8px);
    -ms-flex: 0 1 calc(50% - 8px);
    flex: 0 1 calc(50% - 8px);
  }
}

.emotion-2 {
  display: -webkit-box;
  display: -webkit-flex;
  display: -ms-flexbox;
  display: flex;
  -webkit-flex-direction: column;
  -ms-flex-direction: column;
  flex-direction: column;
}

.emotion-2>label+button,
.emotion-2>p+button {
  margin-top: 3px;
}

.emotion-2>label {
  margin-bottom: 4px;
  text-transform: uppercase;
  color: var(--gray-dark1);
}

.emotion-2>button {
  margin-top: 0;
  height: 22px;
}

.emotion-3 {
  font-family: 'Euclid Circular A',Akzidenz,'Helvetica Neue',Helvetica,Arial,sans-serif;
  font-weight: bold;
  color: #001E2B;
  font-size: 13px;
  line-height: 20px;
  font-size: 13px;
  line-height: 20px;
  pointer-events: none;
}

@media only screen and (max-width: 1024px) {
  .emotion-3 {
    font-size: 16px;
    line-height: 19px;
  }
}

.emotion-4 {
  -webkit-appearance: none;
  -moz-appearance: none;
  -ms-appearance: none;
  appearance: none;
  padding: 0;
  margin: 0;
  background-color: transparent;
  border: 1px solid transparent;
  display: -webkit-inline-box;
  display: -webkit-inline-flex;
  display: -ms-inline-flexbox;
  display: inline-flex;
  -webkit-align-items: stretch;
  -webkit-box-align: stretch;
  -ms-flex-align: stretch;
  align-items: stretch;
  -webkit-transition: all 150ms ease-in-out;
  transition: all 150ms ease-in-out;
  position: relative;
  -webkit-text-decoration: none;
  text-decoration: none;
  cursor: pointer;
  z-index: 0;
  font-family: 'Euclid Circular A',Akzidenz,'Helvetica Neue',Helvetica,Arial,sans-serif;
  border-radius: 6px;
  background-color: #F9FBFA;
  border-color: #889397;
  color: #001E2B;
  font-size: 13px;
  line-height: 20px;
  font-weight: 500;
  height: 36px;
  font-weight: 400;
  background-color: #FFFFFF;
  width: 100%;
  font-size: 13px;
}

.emotion-4:focus {
  outline: none;
}

.emotion-4[disabled],
.emotion-4:disabled {
  pointer-events: none;
}

.emotion-4:active,
.emotion-4:focus,
.emotion-4:hover {
  -webkit-text-decoration: none;
  text-decoration: none;
}

.emotion-4:hover,
.emotion-4:active {
  color: #001E2B;
  background-color: #FFFFFF;
  box-shadow: 0 0 0 3px #E8EDEB;
}

.emotion-4:focus {
  background-color: #FFFFFF;
  box-shadow: 0 0 0 2px #FFFFFF,0 0 0 4px #0498EC;
}

.emotion-4>*:last-child {
  grid-template-columns: 1fr 16px;
  -webkit-box-pack: start;
  -ms-flex-pack: start;
  -webkit-justify-content: flex-start;
  justify-content: flex-start;
}

.emotion-4>*:last-child>svg {
  justify-self: right;
  width: 16px;
  height: 16px;
}

.emotion-4>*:last-child>svg {
  color: #3D4F58;
}

.emotion-4>*:last-child {
  padding: 0 4px 0 12px;
}

.emotion-4:focus {
  box-shadow: 0 0 0 3px #0498EC;
  border-color: rgba(255, 255, 255, 0);
}

@media only screen and (max-width: 1024px) {
  .emotion-4 {
    height: 36px;
    font-size: 16px;
  }
}

.emotion-5 {
  overflow: hidden;
  position: absolute;
  top: 0;
  left: 0;
  right: 0;
  bottom: 0;
  border-radius: 5px;
}

.emotion-6 {
  display: grid;
  grid-auto-flow: column;
  -webkit-box-pack: center;
  -ms-flex-pack: center;
  -webkit-justify-content: center;
  justify-content: center;
  -webkit-align-items: center;
  -webkit-box-align: center;
  -ms-flex-align: center;
  align-items: center;
  height: 100%;
  width: 100%;
  pointer-events: none;
  position: relative;
  z-index: 0;
  padding: 0 11px;
  gap: 6px;
}

.emotion-7 {
  display: -webkit-box;
  display: -webkit-flex;
  display: -ms-flexbox;
  display: flex;
  -webkit-box-pack: justify;
  -webkit-justify-content: space-between;
  justify-content: space-between;
  -webkit-align-items: center;
  -webkit-box-align: center;
  -ms-flex-align: center;
  align-items: center;
  -webkit-box-flex: 1;
  -webkit-flex-grow: 1;
  -ms-flex-positive: 1;
  flex-grow: 1;
  gap: 4px;
  overflow: hidden;
}

.emotion-8 {
  overflow: hidden;
  white-space: nowrap;
  text-overflow: ellipsis;
  max-width: 100%;
}

.emotion-9 {
  -webkit-flex-shrink: 0;
  -ms-flex-negative: 0;
  flex-shrink: 0;
  color: #889397;
  height: 16px;
  width: 16px;
  justify-self: left;
}

.emotion-37 {
  margin-top: 24px;
}

.emotion-38>*:first-child:not(script):not(style) {
  margin-top: 24px;
}

.emotion-39 {
  margin: unset;
  font-family: 'Euclid Circular A','Helvetica Neue',Helvetica,Arial,sans-serif;
  color: #001E2B;
  font-size: 13px;
  line-height: 20px;
  color: #001E2B;
  font-weight: 400;
  margin-bottom: 16px;
  color: var(--font-color-primary);
}

.emotion-39 strong,
.emotion-39 b {
  font-weight: 700;
}

<div
    class=""
  >
    <div
      class="emotion-0"
    >
      <div
        class="configurable-option emotion-1"
      >
        <div
          class="emotion-2"
        >
          <label
            class="emotion-3"
            for="select-50"
            id="select-49-label"
          >
            Interface
          </label>
          <button
            aria-controls="select-49-menu"
            aria-describedby="select-49-description"
            aria-disabled="false"
            aria-expanded="false"
            aria-invalid="false"
            aria-label="Select your Interface"
            aria-labelledby="select-49-label"
            class="emotion-4"
            data-leafygreen-ui="button"
            data-testid="leafygreen-ui-select-menubutton"
            id="select-50"
            type="button"
            value="driver"
          >
            <div
              class="emotion-5"
            />
            <div
              class="emotion-6"
            >
              <div
                class="emotion-7"
              >
                <div
                  class="emotion-8"
                >
                  Driver
                </div>
              </div>
              <svg
                alt=""
                aria-hidden="true"
                class="emotion-9"
                height="16"
                role="presentation"
                viewBox="0 0 16 16"
                width="16"
              >
                <path
                  d="M8.67903 10.7962C8.45271 11.0679 8.04729 11.0679 7.82097 10.7962L4.63962 6.97649C4.3213 6.59428 4.5824 6 5.06866 6L11.4313 6C11.9176 6 12.1787 6.59428 11.8604 6.97649L8.67903 10.7962Z"
                  fill="currentColor"
                />
              </svg>
            </div>
          </button>
        </div>
      </div>
      <div
        class="configurable-option emotion-1"
      >
        <div
          class="emotion-2"
        >
          <label
            class="emotion-3"
            for="select-70"
            id="select-69-label"
          >
            Language
          </label>
          <button
            aria-controls="select-69-menu"
            aria-describedby="select-69-description"
            aria-disabled="false"
            aria-expanded="false"
            aria-invalid="false"
            aria-label="Select your Language"
            aria-labelledby="select-69-label"
            class="emotion-4"
            data-leafygreen-ui="button"
            data-testid="leafygreen-ui-select-menubutton"
            id="select-70"
            type="button"
            value="c"
          >
            <div
              class="emotion-5"
            />
            <div
              class="emotion-6"
            >
              <div
                class="emotion-7"
              >
                <div
                  class="emotion-8"
                >
                  C
                </div>
              </div>
              <svg
                alt=""
                aria-hidden="true"
                class="emotion-9"
                height="16"
                role="presentation"
                viewBox="0 0 16 16"
                width="16"
              >
                <path
                  d="M8.67903 10.7962C8.45271 11.0679 8.04729 11.0679 7.82097 10.7962L4.63962 6.97649C4.3213 6.59428 4.5824 6 5.06866 6L11.4313 6C11.9176 6 12.1787 6.59428 11.8604 6.97649L8.67903 10.7962Z"
                  fill="currentColor"
                />
              </svg>
            </div>
          </button>
        </div>
      </div>
      <div
        class="configurable-option emotion-1"
      >
        <div
          class="emotion-2"
        >
          <label
            class="emotion-3"
            for="select-52"
            id="select-51-label"
          >
            Deployment Type
          </label>
          <button
            aria-controls="select-51-menu"
            aria-describedby="select-51-description"
            aria-disabled="false"
            aria-expanded="false"
            aria-invalid="false"
            aria-label="Select your Deployment Type"
            aria-labelledby="select-51-label"
            class="emotion-4"
            data-leafygreen-ui="button"
            data-testid="leafygreen-ui-select-menubutton"
            id="select-52"
            type="button"
            value="atlas"
          >
            <div
              class="emotion-5"
            />
            <div
              class="emotion-6"
            >
              <div
                class="emotion-7"
              >
                <div
                  class="emotion-8"
                >
                  Atlas (Cloud)
                </div>
              </div>
              <svg
                alt=""
                aria-hidden="true"
                class="emotion-9"
                height="16"
                role="presentation"
                viewBox="0 0 16 16"
                width="16"
              >
                <path
                  d="M8.67903 10.7962C8.45271 11.0679 8.04729 11.0679 7.82097 10.7962L4.63962 6.97649C4.3213 6.59428 4.5824 6 5.06866 6L11.4313 6C11.9176 6 12.1787 6.59428 11.8604 6.97649L8.67903 10.7962Z"
                  fill="currentColor"
                />
              </svg>
            </div>
          </button>
        </div>
      </div>
      <div
        class="configurable-option emotion-1"
      >
        <div
          class="emotion-2"
        >
          <label
            class="emotion-3"
            for="select-54"
            id="select-53-label"
          >
            Operator
          </label>
          <button
            aria-controls="select-53-menu"
            aria-describedby="select-53-description"
            aria-disabled="false"
            aria-expanded="false"
            aria-invalid="false"
            aria-label="Select your Operator"
            aria-labelledby="select-53-label"
            class="emotion-4"
            data-leafygreen-ui="button"
            data-testid="leafygreen-ui-select-menubutton"
            id="select-54"
            type="button"
            value="queryString"
          >
            <div
              class="emotion-5"
            />
            <div
              class="emotion-6"
            >
              <div
                class="emotion-7"
              >
                <div
                  class="emotion-8"
                >
                  queryString
                </div>
              </div>
              <svg
                alt=""
                aria-hidden="true"
                class="emotion-9"
                height="16"
                role="presentation"
                viewBox="0 0 16 16"
                width="16"
              >
                <path
                  d="M8.67903 10.7962C8.45271 11.0679 8.04729 11.0679 7.82097 10.7962L4.63962 6.97649C4.3213 6.59428 4.5824 6 5.06866 6L11.4313 6C11.9176 6 12.1787 6.59428 11.8604 6.97649L8.67903 10.7962Z"
                  fill="currentColor"
                />
              </svg>
            </div>
          </button>
        </div>
      </div>
    </div>
    <div
      class="emotion-37"
    >
      <div
        class="emotion-38"
      >
        <p
          class="emotion-39"
        >
          This content will only be shown when the selections are as follows:
* Interface - Drivers
* Language - C
* Deployment Type - atlas
* Operator (custom snooty.toml) - queryString
        </p>
      </div>
    </div>
  </div>
</DocumentFragment>
`;
