// Jest Snapshot v1, https://goo.gl/fbAQLP

exports[`renders correctly 1`] = `
<a
  className="footnote-reference"
  href="#1"
  id="ref-id1"
>
  [
  1
  ]
</a>
`;
