// Jest Snapshot v1, https://goo.gl/fbAQLP

exports[`Landing Page renders correctly 1`] = `
<div
  class="content"
>
  <div
    class="guide-category-list"
  >
    <div
      class="section"
      id="guides"
    >
      <h1>
        Guides
        <a
          class="headerlink"
          href="#guides"
          title="Permalink to this headline"
        >
          Â¶
        </a>
      </h1>
      <section
        class="guide-category"
      >
        <div
          class="guide-category__title guide-category__title--getting-started"
        >
          Getting Started
        </div>
        <div
          class="guide-category__guides"
        >
          <div
            class="guide-column"
          >
            <a
              class="guide guide--regular"
              href="server/introduction"
            >
              <div
                class="guide__title"
              >
                Structure your Data for MongoDB
              </div>
              <div
                class="guide__body"
              />
              <div
                class="guide__time"
              >
                15min
              </div>
            </a>
            <div
              class="guide guide--jumbo guide--expanded"
            >
              <div
                class="guide__title"
              >
                MongoDB in the Cloud
              </div>
              <ul
                class="guide__body"
              >
                <li
                  class="guide__entry"
                >
                  <a
                    href="cloud/atlas"
                  >
                    Create an Atlas Account and Cluster
                  </a>
                </li>
                <li
                  class="guide__entry"
                >
                  <a
                    href="cloud/connectionstring"
                  >
                    Set Up Atlas Connectivity
                  </a>
                </li>
              </ul>
            </div>
            <div
              class="guide guide--jumbo guide--expanded"
            >
              <div
                class="guide__title"
              >
                CRUD Guides: Create, Read, Update, and Delete Data
              </div>
              <ul
                class="guide__body"
              >
                <li
                  class="guide__entry"
                >
                  <a
                    href="server/insert"
                  >
                    Insert Data into MongoDB
                  </a>
                </li>
                <li
                  class="guide__entry"
                >
                  <a
                    href="server/read"
                  >
                    Read Data from MongoDB
                  </a>
                </li>
                <li
                  class="guide__entry"
                >
                  <a
                    href="server/read_queries"
                  >
                    Read Data from MongoDB With Queries
                  </a>
                </li>
                <li
                  class="guide__entry"
                >
                  <a
                    href="server/read_operators"
                  >
                    Read Data using Operators and Compound Queries
                  </a>
                </li>
                <li
                  class="guide__entry"
                >
                  <a
                    href="server/update"
                  >
                    Update Data in MongoDB
                  </a>
                </li>
                <li
                  class="guide__entry"
                >
                  <a
                    href="server/delete"
                  >
                    Delete Data from MongoDB
                  </a>
                </li>
              </ul>
            </div>
          </div>
          <div
            class="guide-column"
          >
            <a
              class="guide guide--regular"
              href="server/install"
            >
              <div
                class="guide__title"
              >
                Install MongoDB
              </div>
              <div
                class="guide__body"
              />
              <div
                class="guide__time"
              >
                10min
              </div>
            </a>
            <div
              class="guide guide--jumbo guide--expanded"
            >
              <div
                class="guide__title"
              >
                Migrate to MongoDB Atlas
              </div>
              <ul
                class="guide__body"
              >
                <li
                  class="guide__entry"
                >
                  <a
                    href="cloud/migrate-from-aws-to-atlas"
                  >
                    Migrate a MongoDB Replica Set from AWS to MongoDB Atlas
                  </a>
                </li>
                <li
                  class="guide__entry"
                >
                  <a
                    href="cloud/migrate-from-compose"
                  >
                    Migrate from Compose to MongoDB Atlas
                  </a>
                </li>
              </ul>
            </div>
            <a
              class="guide guide--regular"
              href="stitch/react_googleauth"
            >
              <div
                class="guide__title"
              >
                Sample App: React + Stitch + Google Authentication
              </div>
              <div
                class="guide__body"
              />
              <div
                class="guide__time"
              >
                15min
              </div>
            </a>
          </div>
          <div
            class="guide-column"
          >
            <a
              class="guide guide--regular"
              href="server/auth"
            >
              <div
                class="guide__title"
              >
                Secure your MongoDB Deployment
              </div>
              <div
                class="guide__body"
              />
              <div
                class="guide__time"
              >
                10min
              </div>
            </a>
            <a
              class="guide guide--regular"
              href="server/import"
            >
              <div
                class="guide__title"
              >
                Import Data into MongoDB
              </div>
              <div
                class="guide__body"
              />
              <div
                class="guide__time"
              >
                15min
              </div>
            </a>
            <a
              class="guide guide--regular"
              href="server/drivers"
            >
              <div
                class="guide__title"
              >
                Connect to MongoDB
              </div>
              <div
                class="guide__body"
              />
              <ul
                class="guide__pills "
                role="tablist"
              >
                <li
                  data-tabid="shell"
                >
                  <span
                    class="guide__pill   guide__pill"
                    role="button"
                    tabindex="0"
                  >
                    Mongo Shell
                  </span>
                </li>
                <li
                  data-tabid="compass"
                >
                  <span
                    class="guide__pill   guide__pill"
                    role="button"
                    tabindex="1"
                  >
                    Compass
                  </span>
                </li>
                <li
                  data-tabid="python"
                >
                  <span
                    class="guide__pill   guide__pill"
                    role="button"
                    tabindex="2"
                  >
                    Python
                  </span>
                </li>
                <li
                  data-tabid="java-sync"
                >
                  <span
                    class="guide__pill   guide__pill"
                    role="button"
                    tabindex="3"
                  >
                    Java (Sync)
                  </span>
                </li>
                <li
                  class="guide__pill guide__pill--seeall"
                >
                  See All
                </li>
              </ul>
              <div
                class="guide__time"
              >
                15min
              </div>
            </a>
          </div>
        </div>
      </section>
    </div>
  </div>
</div>
`;
