// Jest Snapshot v1, https://goo.gl/fbAQLP

exports[`renders correctly without browser 1`] = `
<Fragment>
  <div
    className="navbar"
    data-navprops="{\\"links\\": [
                    {\\"url\\": \\"https://docs.mongodb.com/manual/\\",\\"text\\": \\"Server\\", \\"active\\": false},
                    {\\"url\\": \\"https://docs.mongodb.com/drivers/\\",\\"text\\": \\"Drivers\\", \\"active\\": false},
                    {\\"url\\": \\"https://docs.mongodb.com/cloud/\\",\\"text\\": \\"Cloud\\", \\"active\\": false},
                    {\\"url\\": \\"https://docs.mongodb.com/tools/\\",\\"text\\": \\"Tools\\", \\"active\\": false},
                    {\\"url\\": \\"https://docs.mongodb.com/guides/\\",\\"text\\": \\"Guides\\", \\"active\\": false}
    ]}"
    id="navbar"
    tabIndex="0"
  />
  <Searchbar />
</Fragment>
`;
