// Jest Snapshot v1, https://goo.gl/fbAQLP

exports[`Offline download button opens the offline modal when clicked 1`] = `
.emotion-0 {
  -webkit-appearance: none;
  -moz-appearance: none;
  -ms-appearance: none;
  appearance: none;
  padding: 0;
  margin: 0;
  background-color: transparent;
  border: 1px solid transparent;
  display: -webkit-inline-box;
  display: -webkit-inline-flex;
  display: -ms-inline-flexbox;
  display: inline-flex;
  -webkit-align-items: stretch;
  -webkit-box-align: stretch;
  -ms-flex-align: stretch;
  align-items: stretch;
  -webkit-transition: all 150ms ease-in-out;
  transition: all 150ms ease-in-out;
  position: relative;
  -webkit-text-decoration: none;
  text-decoration: none;
  cursor: pointer;
  z-index: 0;
  font-family: 'Euclid Circular A','Helvetica Neue',Helvetica,Arial,sans-serif;
  border-radius: 6px;
  background-color: #F9FBFA;
  border-color: #889397;
  color: #001E2B;
  font-size: 13px;
  line-height: 20px;
  font-weight: 500;
  height: 28px;
  width: 32px;
  height: 22px;
}

.emotion-0:focus-visible,
.emotion-0[data-focus="true"] {
  outline: none;
}

.emotion-0:active,
.emotion-0[data-active="true"],
.emotion-0:focus,
.emotion-0:hover {
  -webkit-text-decoration: none;
  text-decoration: none;
}

.emotion-0:focus-visible,
.emotion-0[data-focus="true"] {
  color: #001E2B;
}

.emotion-0:hover,
.emotion-0[data-hover="true"],
.emotion-0:active,
.emotion-0[data-active="true"] {
  color: #001E2B;
  background-color: #FFFFFF;
  box-shadow: 0 0 0 3px #E8EDEB;
}

.emotion-0:focus-visible,
.emotion-0[data-focus="true"] {
  background-color: #FFFFFF;
  box-shadow: 0 0 0 2px #FFFFFF,0 0 0 4px #0498EC;
}

.dark-theme .emotion-0 {
  color: var(--white);
  background-color: var(--gray-dark2);
}

.emotion-1 {
  overflow: hidden;
  position: absolute;
  top: 0;
  left: 0;
  right: 0;
  bottom: 0;
  border-radius: 5px;
}

.emotion-2 {
  display: grid;
  grid-auto-flow: column;
  -webkit-box-pack: center;
  -ms-flex-pack: center;
  -webkit-justify-content: center;
  justify-content: center;
  -webkit-align-items: center;
  -webkit-box-align: center;
  -ms-flex-align: center;
  align-items: center;
  height: 100%;
  width: 100%;
  position: relative;
  -webkit-user-select: none;
  -moz-user-select: none;
  -ms-user-select: none;
  user-select: none;
  z-index: 0;
  -webkit-transition: all 150 ease-in-out;
  transition: all 150 ease-in-out;
  padding: 0 11px;
  gap: 6px;
}

.emotion-3 {
  position: relative;
  z-index: 901;
}

.emotion-4 {
  position: fixed;
  display: -webkit-box;
  display: -webkit-flex;
  display: -ms-flexbox;
  display: flex;
  -webkit-flex-direction: column-reverse;
  -ms-flex-direction: column-reverse;
  flex-direction: column-reverse;
  left: 12px;
  bottom: 12px;
  width: 408px;
  max-height: calc(100vh - 16px);
  z-index: 0;
  overflow: unset;
  min-height: 0px;
  opacity: 0;
  visibility: hidden;
  perspective: 1600px;
  perspective-origin: bottom;
  transform-style: preserve-3d;
  -webkit-transition: ease-in-out 300ms;
  transition: ease-in-out 300ms;
  transition-property: transform,bottom,opacity;
  scroll-behavior: unset;
  scrollbar-width: none;
  -ms-overflow-style: none;
}

.emotion-4::-webkit-scrollbar {
  display: none;
}

.emotion-5 {
  position: relative;
  width: 100%;
  height: 100%;
  margin: 0;
  transform-style: inherit;
  -webkit-transition: margin 150ms ease-in-out;
  transition: margin 150ms ease-in-out;
}

.emotion-6 {
  border: unset;
  outline: unset;
  position: absolute;
  left: 4px;
  bottom: 4px;
  width: 400px;
  height: 24px;
  z-index: 0;
  font-family: 'Euclid Circular A','Helvetica Neue',Helvetica,Arial,sans-serif;
  font-size: 13px;
  line-height: 20px;
  border-radius: 8px;
  cursor: pointer;
  opacity: 0;
  -webkit-transform: translate3d(0, 8px, -400px);
  -moz-transform: translate3d(0, 8px, -400px);
  -ms-transform: translate3d(0, 8px, -400px);
  transform: translate3d(0, 8px, -400px);
  -webkit-transition: 300ms ease-in-out;
  transition: 300ms ease-in-out;
  transition-property: background-color,opacity,transform;
  background-color: #3D4F58;
  color: #FFFFFF;
  -webkit-transform: translate3d(
        0,
        24px,
        -400px
      );
  -moz-transform: translate3d(
        0,
        24px,
        -400px
      );
  -ms-transform: translate3d(
        0,
        24px,
        -400px
      );
  transform: translate3d(
        0,
        24px,
        -400px
      );
  opacity: 0;
}

.emotion-6:hover {
  background-color: #1C2D38;
}

.emotion-7 {
  overflow-y: auto;
  position: fixed;
  top: 0;
  left: 0;
  right: 0;
  bottom: 0;
  opacity: 0;
  -webkit-transition: opacity 150ms ease-in-out;
  transition: opacity 150ms ease-in-out;
  background-color: rgba(0,30,43,0.6);
}

.emotion-7 [role='dialog'] {
  max-height: 520px;
  max-width: 690px;
  padding: 40px 36px;
  display: -webkit-box;
  display: -webkit-flex;
  display: -ms-flexbox;
  display: flex;
  -webkit-flex-direction: column;
  -ms-flex-direction: column;
  flex-direction: column;
  background-color: var(--background-color-primary);
}

.emotion-8 {
  position: absolute;
  min-height: 100%;
  width: 100%;
  padding: 64px 18px;
  overflow-y: auto;
  display: -webkit-box;
  display: -webkit-flex;
  display: -ms-flexbox;
  display: flex;
  -webkit-align-items: center;
  -webkit-box-align: center;
  -ms-flex-align: center;
  align-items: center;
  -webkit-box-pack: center;
  -ms-flex-pack: center;
  -webkit-justify-content: center;
  justify-content: center;
}

.emotion-9 {
  -webkit-transition: all 150ms ease-in-out;
  transition: all 150ms ease-in-out;
  margin: auto;
  max-height: calc(100% - 64px);
  position: relative;
  pointer-events: all;
  -webkit-transform: translate3d(0, -16px, 0);
  -moz-transform: translate3d(0, -16px, 0);
  -ms-transform: translate3d(0, -16px, 0);
  transform: translate3d(0, -16px, 0);
  opacity: 0;
  color: #21313C;
  background-color: #FFFFFF;
  font-family: 'Euclid Circular A',Akzidenz,'Helvetica Neue',Helvetica,Arial,sans-serif;
  border-radius: 24px;
  padding: 40px 36px;
  box-shadow: 0px 8px 20px -8px rgba(0,30,43,0.6);
  width: 720px;
}

.emotion-9:focus {
  outline: none;
}

@media only screen and (max-width: 767px) {
  .emotion-9 {
    width: 720px;
  }
}

@media only screen and (min-width: 768px) {
  .emotion-9 {
    width: 960px;
  }
}

.emotion-10 {
  margin: unset;
  font-family: 'Euclid Circular A','Helvetica Neue',Helvetica,Arial,sans-serif;
  color: #001E2B;
  font-size: 24px;
  line-height: 32px;
  font-weight: 500;
  color: #001E2B;
  margin-bottom: 8px;
}

.emotion-11 {
  margin: unset;
  font-family: 'Euclid Circular A','Helvetica Neue',Helvetica,Arial,sans-serif;
  color: #001E2B;
  font-size: 13px;
  line-height: 20px;
  color: #001E2B;
  font-weight: 400;
  margin-bottom: 8px;
}

.emotion-11 strong,
.emotion-11 b {
  font-weight: 700;
}

.emotion-12 {
  font-family: 'Euclid Circular A','Helvetica Neue',Helvetica,Arial,sans-serif;
  display: -webkit-inline-box;
  display: -webkit-inline-flex;
  display: -ms-inline-flexbox;
  display: inline-flex;
  -webkit-align-items: center;
  -webkit-box-align: center;
  -ms-flex-align: center;
  align-items: center;
  -webkit-text-decoration: none;
  text-decoration: none;
  text-decoration-color: transparent;
  cursor: pointer;
  font-size: inherit;
  line-height: inherit;
  -webkit-appearance: none;
  -moz-appearance: none;
  -ms-appearance: none;
  appearance: none;
  background: none;
  border: none;
  padding: 0;
  font-size: 13px;
  line-height: 20px;
  color: #016BF8;
  font-weight: 400;
}

.emotion-12:hover,
.emotion-12:focus {
  -webkit-text-decoration: underline;
  text-decoration: underline;
  -webkit-transition: text-decoration 150ms ease-in-out;
  transition: text-decoration 150ms ease-in-out;
  text-underline-offset: 4px;
  text-decoration-thickness: 2px;
}

.emotion-12:focus {
  outline: none;
}

.emotion-12:hover {
  text-decoration-color: #E8EDEB;
}

.emotion-12:focus {
  text-decoration-color: #016BF8;
}

.emotion-13 {
  -webkit-flex-shrink: 0;
  -ms-flex-negative: 0;
  flex-shrink: 0;
  position: relative;
  bottom: 4px;
  left: -1px;
  height: 12px;
}

.emotion-14 {
  font-family: 'Euclid Circular A',Akzidenz,'Helvetica Neue',Helvetica,Arial,sans-serif;
  display: -webkit-box;
  display: -webkit-flex;
  display: -ms-flexbox;
  display: flex;
  -webkit-flex-direction: column;
  -ms-flex-direction: column;
  flex-direction: column;
  font-size: 13px;
  line-height: 20px;
  margin-bottom: 16px;
  max-width: 260px;
}

.emotion-15 {
  position: relative;
  display: -webkit-box;
  display: -webkit-flex;
  display: -ms-flexbox;
  display: flex;
  -webkit-align-items: center;
  -webkit-box-align: center;
  -ms-flex-align: center;
  align-items: center;
  z-index: 0;
}

.emotion-16 {
  font-size: inherit;
  line-height: inherit;
  font-family: 'Euclid Circular A',Akzidenz,'Helvetica Neue',Helvetica,Arial,sans-serif;
  width: 100%;
  height: 36px;
  font-weight: normal;
  border: 1px solid;
  z-index: 1;
  outline: none;
  border-radius: 6px;
  -webkit-transition: 150ms ease-in-out;
  transition: 150ms ease-in-out;
  transition-property: border-color,box-shadow;
  color: #001E2B;
  background: #FFFFFF;
  border: 1px solid #889397;
  height: 36px;
  padding-left: 12px;
}

.emotion-16:disabled {
  cursor: not-allowed;
}

.emotion-16:disabled:hover,
.emotion-16:disabled:active {
  box-shadow: none;
}

.emotion-16::-webkit-input-placeholder {
  font-size: inherit;
  line-height: inherit;
}

.emotion-16::-moz-placeholder {
  font-size: inherit;
  line-height: inherit;
}

.emotion-16:-ms-input-placeholder {
  font-size: inherit;
  line-height: inherit;
}

.emotion-16::placeholder {
  font-size: inherit;
  line-height: inherit;
}

.emotion-16[type='search']::-ms-clear,
.emotion-16[type='search']::-ms-reveal {
  display: none;
  width: 0;
  height: 0;
}

.emotion-16[type='search']::-webkit-search-decoration,
.emotion-16[type='search']::-webkit-search-cancel-button,
.emotion-16[type='search']::-webkit-search-results-button,
.emotion-16[type='search']::-webkit-search-results-decoration {
  display: none;
}

.emotion-16:-webkit-autofill {
  color: #001E2B;
  background: #FFFFFF;
  border: 1px solid #889397;
  -webkit-text-fill-color: #001E2B;
  box-shadow: 0 0 0 100px #FFFFFF inset;
}

.emotion-16:-webkit-autofill:focus {
  box-shadow: 0 0 0 100px #FFFFFF inset,0 0 0 3px #0498EC;
  border-color: #FFFFFF;
}

.emotion-16:-webkit-autofill:hover:not(:focus) {
  box-shadow: 0 0 0 100px #FFFFFF inset,0 0 0 3px #E8EDEB;
}

.emotion-16::-webkit-input-placeholder {
  color: #C1C7C6;
  font-weight: normal;
}

.emotion-16::-moz-placeholder {
  color: #C1C7C6;
  font-weight: normal;
}

.emotion-16:-ms-input-placeholder {
  color: #C1C7C6;
  font-weight: normal;
}

.emotion-16::placeholder {
  color: #C1C7C6;
  font-weight: normal;
}

.emotion-16:hover:not(:focus),
.emotion-16:active:not(:focus) {
  box-shadow: 0 0 0 3px #E8EDEB;
}

.emotion-16:disabled {
  color: #889397;
  background-color: #E8EDEB;
  border-color: #C1C7C6;
}

.emotion-16:disabled::-webkit-input-placeholder {
  color: inherit;
}

.emotion-16:disabled::-moz-placeholder {
  color: inherit;
}

.emotion-16:disabled:-ms-input-placeholder {
  color: inherit;
}

.emotion-16:disabled::placeholder {
  color: inherit;
}

.emotion-16:disabled:-webkit-autofill,
.emotion-16:disabled:-webkit-autofill:hover,
.emotion-16:disabled:-webkit-autofill:focus {
  -webkit-appearance: none;
  -moz-appearance: none;
  -ms-appearance: none;
  appearance: none;
  border: 1px solid #889397;
  -webkit-text-fill-color: #889397;
  box-shadow: 0 0 0 100px #E8EDEB inset;
}

.emotion-16:focus {
  box-shadow: 0 0 0 3px #0498EC;
  border-color: #FFFFFF;
}

.emotion-17 {
  position: absolute;
  display: -webkit-box;
  display: -webkit-flex;
  display: -ms-flexbox;
  display: flex;
  -webkit-align-items: center;
  -webkit-box-align: center;
  -ms-flex-align: center;
  align-items: center;
  z-index: 1;
  right: 12px;
}

.emotion-18 {
  overflow: auto;
  width: 100%;
  position: relative;
}

.emotion-19 {
  border-spacing: 0;
  border-collapse: collapse;
  width: 100%;
  color: #1C2D38;
  font-size: 13px;
  line-height: 20px;
}

.emotion-20 {
  background-color: #FFFFFF;
  box-shadow: 0 4px #E8EDEB;
}

.emotion-21 {
  padding: 0 8px;
  overflow: hidden;
  padding-left: 8px;
  padding-right: 8px;
  width: 20px;
}

.emotion-21:focus-visible {
  box-shadow: inset;
}

.emotion-21:last-child {
  padding-right: 24px;
}

.emotion-21>* {
  -webkit-box-pack: left;
  -ms-flex-pack: left;
  -webkit-justify-content: left;
  justify-content: left;
  text-align: left;
}

.emotion-22 {
  display: -webkit-box;
  display: -webkit-flex;
  display: -ms-flexbox;
  display: flex;
  -webkit-align-items: center;
  -webkit-box-align: center;
  -ms-flex-align: center;
  align-items: center;
  min-height: 40px;
  transition-property: min-height,max-height,opacity,padding,transform;
  transition-duration: 150ms;
  transition-timing-function: ease;
  height: 40px;
  -webkit-box-pack: left;
  -ms-flex-pack: left;
  -webkit-justify-content: left;
  justify-content: left;
  text-align: left;
}

.emotion-23 {
  display: grid;
  grid-template-columns: 14px auto;
  grid-template-areas: 'label label' '. description';
  gap: 0 8px;
  position: relative;
  -webkit-align-items: center;
  -webkit-box-align: center;
  -ms-flex-align: center;
  align-items: center;
  -webkit-box-pack: start;
  -ms-flex-pack: start;
  -webkit-justify-content: flex-start;
  justify-content: flex-start;
  z-index: 0;
}

.emotion-24 {
  color: #001E2B;
  font-family: 'Euclid Circular A','Helvetica Neue',Helvetica,Arial,sans-serif;
  font-weight: 700;
  font-size: 13px;
  line-height: 20px;
  grid-area: label;
  display: grid;
  grid-template-columns: 14px auto;
  grid-template-areas: 'check text';
  gap: 8px;
  -webkit-box-pack: start;
  -ms-flex-pack: start;
  -webkit-justify-content: flex-start;
  justify-content: flex-start;
  -webkit-align-items: baseline;
  -webkit-box-align: baseline;
  -ms-flex-align: baseline;
  align-items: baseline;
  cursor: pointer;
}

.emotion-24:hover:not(:focus-within)>.lg-ui-input-0000:not([disabled])+.lg-ui-check-wrapper-0000 {
  box-shadow: 0 0 0 3px #E8EDEB;
}

.emotion-25 {
  margin: 0;
  position: absolute;
  height: 0;
  width: 0;
  left: 0;
  top: 0;
  pointer-events: none;
  opacity: 0;
}

.emotion-25:focus-visible+.lg-ui-check-wrapper-0000 {
  box-shadow: 0 0 0 2px #FFFFFF,0 0 0 4px #0498EC;
}

.emotion-26 {
  grid-area: check;
  position: relative;
  display: -webkit-box;
  display: -webkit-flex;
  display: -ms-flexbox;
  display: flex;
  z-index: 1;
  height: 14px;
  width: 14px;
  -webkit-align-items: center;
  -webkit-box-align: center;
  -ms-flex-align: center;
  align-items: center;
  -webkit-box-pack: center;
  -ms-flex-pack: center;
  -webkit-justify-content: center;
  justify-content: center;
  border-radius: 3px;
  border: 2px solid;
  overflow: hidden;
  background-color: transparent;
  -webkit-transition: box-shadow 100ms ease-in-out,background-color 0ms linear,border-color 0ms linear;
  transition: box-shadow 100ms ease-in-out,background-color 0ms linear,border-color 0ms linear;
  transition-delay: 0ms,0ms,100ms;
  border-color: #3D4F58;
}

.emotion-26:before {
  content: '';
  position: absolute;
  inset: -41.42135623730951%;
  z-index: 1;
  border-radius: 100%;
  -webkit-transform: scale(0);
  -moz-transform: scale(0);
  -ms-transform: scale(0);
  transform: scale(0);
  transform-origin: center center;
  -webkit-transition: -webkit-transform 100ms ease-in-out;
  transition: transform 100ms ease-in-out;
  transition-delay: 50ms;
}

.emotion-26:before {
  background-color: #016BF8;
}

.emotion-27 {
  z-index: 1;
  transform-origin: center;
  -webkit-transition: -webkit-transform 100ms ease-in-out;
  transition: transform 100ms ease-in-out;
  -webkit-transform: scale(0) rotate(-45deg);
  -moz-transform: scale(0) rotate(-45deg);
  -ms-transform: scale(0) rotate(-45deg);
  transform: scale(0) rotate(-45deg);
}

.emotion-28 {
  grid-area: check;
  position: relative;
  top: 2px;
  height: 14px;
  width: 14px;
  z-index: 0;
  border-radius: 100%;
  opacity: 1;
  -webkit-transform: scale(0);
  -moz-transform: scale(0);
  -ms-transform: scale(0);
  transform: scale(0);
  transform-origin: center center;
  -webkit-transition: 0ms ease-in-out;
  transition: 0ms ease-in-out;
  transition-property: transform,opacity;
  background-color: #1254B7;
}

.emotion-29 {
  padding: 0 8px;
  overflow: hidden;
  width: 420px;
}

.emotion-29:focus-visible {
  box-shadow: inset;
}

.emotion-29:last-child {
  padding-right: 24px;
}

.emotion-29>* {
  -webkit-box-pack: left;
  -ms-flex-pack: left;
  -webkit-justify-content: left;
  justify-content: left;
  text-align: left;
}

.emotion-31 {
  padding: 0 8px;
  overflow: hidden;
  width: 140px;
}

.emotion-31:focus-visible {
  box-shadow: inset;
}

.emotion-31:last-child {
  padding-right: 24px;
}

.emotion-31>* {
  -webkit-box-pack: left;
  -ms-flex-pack: left;
  -webkit-justify-content: left;
  justify-content: left;
  text-align: left;
}

.emotion-32 {
  display: -webkit-box;
  display: -webkit-flex;
  display: -ms-flexbox;
  display: flex;
  -webkit-align-items: center;
  -webkit-box-align: center;
  -ms-flex-align: center;
  align-items: center;
  min-height: 40px;
  transition-property: min-height,max-height,opacity,padding,transform;
  transition-duration: 150ms;
  transition-timing-function: ease;
  height: 40px;
  -webkit-box-pack: right;
  -ms-flex-pack: right;
  -webkit-justify-content: right;
  justify-content: right;
  text-align: right;
}

.emotion-33 {
  display: -webkit-box;
  display: -webkit-flex;
  display: -ms-flexbox;
  display: flex;
  margin-top: 32px;
  -webkit-column-gap: 8px;
  column-gap: 8px;
  -webkit-box-pack: end;
  -ms-flex-pack: end;
  -webkit-justify-content: flex-end;
  justify-content: flex-end;
}

.emotion-34 {
  -webkit-appearance: none;
  -moz-appearance: none;
  -ms-appearance: none;
  appearance: none;
  padding: 0;
  margin: 0;
  background-color: transparent;
  border: 1px solid transparent;
  display: -webkit-inline-box;
  display: -webkit-inline-flex;
  display: -ms-inline-flexbox;
  display: inline-flex;
  -webkit-align-items: stretch;
  -webkit-box-align: stretch;
  -ms-flex-align: stretch;
  align-items: stretch;
  -webkit-transition: all 150ms ease-in-out;
  transition: all 150ms ease-in-out;
  position: relative;
  -webkit-text-decoration: none;
  text-decoration: none;
  cursor: pointer;
  z-index: 0;
  font-family: 'Euclid Circular A','Helvetica Neue',Helvetica,Arial,sans-serif;
  border-radius: 6px;
  background-color: #F9FBFA;
  border-color: #889397;
  color: #001E2B;
  font-size: 13px;
  line-height: 20px;
  font-weight: 500;
  height: 36px;
}

.emotion-34:focus-visible,
.emotion-34[data-focus="true"] {
  outline: none;
}

.emotion-34:active,
.emotion-34[data-active="true"],
.emotion-34:focus,
.emotion-34:hover {
  -webkit-text-decoration: none;
  text-decoration: none;
}

.emotion-34:focus-visible,
.emotion-34[data-focus="true"] {
  color: #001E2B;
}

.emotion-34:hover,
.emotion-34[data-hover="true"],
.emotion-34:active,
.emotion-34[data-active="true"] {
  color: #001E2B;
  background-color: #FFFFFF;
  box-shadow: 0 0 0 3px #E8EDEB;
}

.emotion-34:focus-visible,
.emotion-34[data-focus="true"] {
  background-color: #FFFFFF;
  box-shadow: 0 0 0 2px #FFFFFF,0 0 0 4px #0498EC;
}

.emotion-37 {
  -webkit-appearance: none;
  -moz-appearance: none;
  -ms-appearance: none;
  appearance: none;
  padding: 0;
  margin: 0;
  background-color: transparent;
  border: 1px solid transparent;
  display: -webkit-inline-box;
  display: -webkit-inline-flex;
  display: -ms-inline-flexbox;
  display: inline-flex;
  -webkit-align-items: stretch;
  -webkit-box-align: stretch;
  -ms-flex-align: stretch;
  align-items: stretch;
  -webkit-transition: all 150ms ease-in-out;
  transition: all 150ms ease-in-out;
  position: relative;
  -webkit-text-decoration: none;
  text-decoration: none;
  cursor: pointer;
  z-index: 0;
  font-family: 'Euclid Circular A','Helvetica Neue',Helvetica,Arial,sans-serif;
  border-radius: 6px;
  background-color: #F9FBFA;
  border-color: #889397;
  color: #001E2B;
  font-size: 13px;
  line-height: 20px;
  font-weight: 500;
  height: 36px;
}

.emotion-37:focus-visible,
.emotion-37[data-focus="true"] {
  outline: none;
}

.emotion-37:active,
.emotion-37[data-active="true"],
.emotion-37:focus,
.emotion-37:hover {
  -webkit-text-decoration: none;
  text-decoration: none;
}

.emotion-37:focus-visible,
.emotion-37[data-focus="true"] {
  color: #001E2B;
}

.emotion-37:hover,
.emotion-37[data-hover="true"],
.emotion-37:active,
.emotion-37[data-active="true"] {
  color: #001E2B;
  background-color: #FFFFFF;
  box-shadow: 0 0 0 3px #E8EDEB;
}

.emotion-37,
.emotion-37:hover,
.emotion-37[data-hover="true"],
.emotion-37:active,
.emotion-37[data-active="true"] {
  background-color: #E8EDEB;
  border-color: #C1C7C6;
  color: #889397;
  box-shadow: none;
  cursor: not-allowed;
}

.emotion-37:focus-visible,
.emotion-37[data-focus="true"] {
  color: #889397;
  box-shadow: 0 0 0 2px #FFFFFF,0 0 0 4px #0498EC;
}

.emotion-40 {
  border: none;
  -webkit-appearance: unset;
  padding: unset;
  display: inline-block;
  border-radius: 100px;
  position: relative;
  cursor: pointer;
  -webkit-flex-shrink: 0;
  -ms-flex-negative: 0;
  flex-shrink: 0;
  -webkit-transition: 150ms ease-in-out;
  transition: 150ms ease-in-out;
  transition-property: color,box-shadow;
  background-color: rgba(255, 255, 255, 0);
  height: 28px;
  width: 28px;
  color: #889397;
  position: absolute;
  cursor: pointer;
  color: #889397;
  right: 18px;
  top: 18px;
}

.emotion-40:before {
  content: '';
  -webkit-transition: 150ms all ease-in-out;
  transition: 150ms all ease-in-out;
  position: absolute;
  top: 0;
  bottom: 0;
  left: 0;
  right: 0;
  border-radius: 100%;
  opacity: 0;
  -webkit-transform: scale(0.8);
  -moz-transform: scale(0.8);
  -ms-transform: scale(0.8);
  transform: scale(0.8);
}

.emotion-40:active:before,
.emotion-40:hover:before,
.emotion-40:focus:before {
  opacity: 1;
  -webkit-transform: scale(1);
  -moz-transform: scale(1);
  -ms-transform: scale(1);
  transform: scale(1);
}

.emotion-40:focus {
  outline: none;
}

.emotion-40:active,
.emotion-40:hover {
  color: #001E2B;
}

.emotion-40:active:before,
.emotion-40:hover:before {
  background-color: #E8EDEB;
}

.emotion-40:focus {
  color: #001E2B;
  box-shadow: 0 0 0 2px #FFFFFF,0 0 0 4px #0498EC;
}

.emotion-40:focus:before {
  background-color: #E8EDEB;
}

.emotion-41 {
  position: absolute;
  top: 0;
  bottom: 0;
  left: 0;
  right: 0;
  display: -webkit-box;
  display: -webkit-flex;
  display: -ms-flexbox;
  display: flex;
  -webkit-align-items: center;
  -webkit-box-align: center;
  -ms-flex-align: center;
  align-items: center;
  -webkit-box-pack: center;
  -ms-flex-pack: center;
  -webkit-justify-content: center;
  justify-content: center;
}

.emotion-42 {
  -webkit-flex-shrink: 0;
  -ms-flex-negative: 0;
  flex-shrink: 0;
}

<body>
  <div>
    <button
      aria-disabled="false"
      aria-label="Download Offline Docs"
      class="lg-ui-button-0000 emotion-0"
      data-lgid="lg-button"
      type="button"
    >
      <div
        class="emotion-1"
      />
      <div
        class="emotion-2"
      >
        <svg
          aria-label="Download Icon"
          class=""
          fill="none"
          height="14"
          role="img"
          viewBox="0 0 16 16"
          width="14"
          xmlns="http://www.w3.org/2000/svg"
        >
          <path
            clip-rule="evenodd"
            d="M9.524 2.575v5.557h1.712c.706 0 1.033.783.5 1.196l-3.237 2.506a.832.832 0 0 1-.998 0L4.265 9.328c-.534-.413-.207-1.196.499-1.196h1.611V2.575a1.575 1.575 0 0 1 3.15 0ZM2.5 11h1.8l2.405 1.862a2.132 2.132 0 0 0 2.59 0L11.7 11h1.8a1.5 1.5 0 0 1 0 3h-11a1.5 1.5 0 0 1 0-3Z"
            fill="currentColor"
            fill-rule="evenodd"
          />
        </svg>
      </div>
    </button>
  </div>
  <div
    class="lg-ui-toast-portal-0000 emotion-3"
  >
    <div
      aria-live="polite"
      aria-relevant="all"
      class="emotion-4"
      data-testid="lg-toast-region"
      id="lg-toast-region"
      role="status"
    >
      <div
        class="emotion-5"
        data-testid="lg-toast-scroll-container"
      >
        <button
          class="emotion-6"
        >
          0
           more notification
        </button>
      </div>
    </div>
  </div>
  <div
    class=""
  >
    <div
      class="emotion-7"
      id="modal-1"
    >
      <div
        class="emotion-8"
      >
        <div
          aria-modal="true"
          class="emotion-9"
          role="dialog"
          tabindex="-1"
        >
          <h3
            class="emotion-10"
          >
            Download Documentation
          </h3>
          <p
            class="emotion-11"
          >
            Navigate the table to find the product and version you wish to download. Looking for another product? Visit our 
            <a
              class="lg-ui-0001 emotion-12"
              href="https://mongodb.com/docs/legacy/"
              rel="noopener noreferrer"
              target="_blank"
            >
              <span>
                legacy docs site
              </span>
              <svg
                alt=""
                aria-hidden="true"
                class="emotion-13"
                height="16"
                role="presentation"
                viewBox="0 0 16 16"
                width="16"
              >
                <path
                  d="M13.823 2.4491C13.8201 2.30008 13.6999 2.17994 13.5509 2.17704L9.5062 2.09836C9.25654 2.09351 9.12821 2.39519 9.30482 2.5718L10.3856 3.65257L7.93433 6.10383C7.87964 6.15852 7.83047 6.21665 7.78683 6.27752L5.99909 8.06525C5.46457 8.59977 5.46457 9.4664 5.99909 10.0009C6.53361 10.5354 7.40023 10.5354 7.93475 10.0009L9.72249 8.21317C9.78336 8.16953 9.84148 8.12037 9.89618 8.06567L12.3474 5.61441L13.4282 6.69518C13.6048 6.87179 13.9065 6.74347 13.9016 6.4938L13.823 2.4491Z"
                  fill="currentColor"
                />
                <path
                  d="M7.25 3.12893C7.66421 3.12893 8 3.46472 8 3.87893C8 4.29315 7.66421 4.62893 7.25 4.62893H4C3.72386 4.62893 3.5 4.85279 3.5 5.12893V11.9929C3.5 12.2691 3.72386 12.4929 4 12.4929H10.864C11.1401 12.4929 11.364 12.2691 11.364 11.9929V8.75C11.364 8.33579 11.6998 8 12.114 8C12.5282 8 12.864 8.33579 12.864 8.75V11.9929C12.864 13.0975 11.9686 13.9929 10.864 13.9929H4C2.89543 13.9929 2 13.0975 2 11.9929V5.12893C2 4.02436 2.89543 3.12893 4 3.12893H7.25Z"
                  fill="currentColor"
                />
              </svg>
            </a>
          </p>
          <div
            class="emotion-14"
          >
            <div
              class="emotion-15"
            >
              <input
                aria-invalid="false"
                aria-label="Search for Offline Documentation"
                aria-labelledby="null"
                autocomplete="on"
                class="emotion-16"
                id="textinput-1"
                placeholder="Search products"
                required=""
                type="text"
                value=""
              />
              <div
                class="constant-classname emotion-17"
              />
            </div>
          </div>
          <div
            class="emotion-18"
            tabindex="0"
          >
            <table
              class="emotion-19"
            >
              <thead
                class="emotion-20"
              >
                <tr>
                  <th
                    class="emotion-21"
                    scope="col"
                  >
                    <div
                      class="emotion-22"
                    >
                      <div
                        class="emotion-23"
                        data-lgid="lg-checkbox"
                      >
                        <label
                          class="emotion-24"
                          data-lgid="lg-label"
                          for="checkbox-1"
                          id="checkbox-1-label"
                        >
                          <input
                            aria-checked="false"
                            aria-disabled="false"
                            aria-label="Select all rows"
                            aria-labelledby="checkbox-1-label"
                            class="lg-ui-input-0000 emotion-25"
                            id="checkbox-1"
                            type="checkbox"
                          />
                          <div
                            class="lg-ui-check-wrapper-0000 emotion-26"
                          >
                            <svg
                              class="emotion-27"
                              fill="none"
                              height="10"
                              stroke="#FFFFFF"
                              viewBox="0 0 10 10"
                              width="10"
                              xmlns="http://www.w3.org/2000/svg"
                            >
                              <path
                                d="M2 5.5L4.12132 7.62132L8.36396 3.37868"
                                stroke="#FFFFFF"
                                stroke-linecap="round"
                                stroke-linejoin="round"
                                stroke-width="2"
                              />
                            </svg>
                          </div>
                          <div
                            class="lg-ui-ripple-0000 emotion-28"
                          />
                        </label>
                      </div>
                    </div>
                  </th>
                  <th
                    class="emotion-29"
                    scope="col"
                  >
                    <div
                      class="emotion-22"
                    >
                      Products
                    </div>
                  </th>
                  <th
                    class="emotion-31"
                    scope="col"
                  >
                    <div
                      class="emotion-32"
                    >
                      Version
                    </div>
                  </th>
                </tr>
              </thead>
              <tbody />
            </table>
          </div>
          <div
            class="emotion-33"
          >
            <button
              aria-disabled="false"
              class="lg-ui-button-0000 emotion-34"
              data-lgid="lg-button"
              type="button"
            >
              <div
                class="emotion-1"
              />
              <div
                class="emotion-2"
              >
                Cancel
              </div>
            </button>
            <button
              aria-disabled="true"
              class="lg-ui-button-0000 emotion-37"
              data-lgid="lg-button"
              type="button"
            >
              <div
                class="emotion-1"
              />
              <div
                class="emotion-2"
              >
                Download
              </div>
            </button>
          </div>
          <button
            aria-disabled="false"
            aria-label="Close modal"
            class="constant-classname emotion-40"
            tabindex="0"
          >
            <div
              class="emotion-41"
            >
              <svg
                aria-label="X Icon"
                class="emotion-42"
                height="16"
                role="img"
                viewBox="0 0 16 16"
                width="16"
              >
                <path
                  clip-rule="evenodd"
                  d="M12.2028 3.40381C11.8123 3.01329 11.1791 3.01329 10.7886 3.40381L8.3137 5.87869L5.83883 3.40381C5.44831 3.01329 4.81514 3.01329 4.42462 3.40381L3.71751 4.11092C3.32699 4.50144 3.32699 5.13461 3.71751 5.52513L6.19238 8.00001L3.71751 10.4749C3.32699 10.8654 3.32699 11.4986 3.71751 11.8891L4.42462 12.5962C4.81514 12.9867 5.44831 12.9867 5.83883 12.5962L8.3137 10.1213L10.7886 12.5962C11.1791 12.9867 11.8123 12.9867 12.2028 12.5962L12.9099 11.8891C13.3004 11.4986 13.3004 10.8654 12.9099 10.4749L10.435 8.00001L12.9099 5.52513C13.3004 5.13461 13.3004 4.50144 12.9099 4.11092L12.2028 3.40381Z"
                  fill="currentColor"
                  fill-rule="evenodd"
                />
              </svg>
            </div>
          </button>
        </div>
      </div>
    </div>
  </div>
</body>
`;
