// Jest Snapshot v1, https://goo.gl/fbAQLP

exports[`ProductsList renders with products 1`] = `
.emotion-22 {
  line-height: 20px;
  width: 100%;
}

.emotion-10 {
  -webkit-align-items: center;
  -webkit-box-align: center;
  -ms-flex-align: center;
  align-items: center;
  color: #5D6C74;
  cursor: pointer;
  display: -webkit-box;
  display: -webkit-flex;
  display: -ms-flexbox;
  display: flex;
  padding: 0px 24px 12px;
  -webkit-user-select: none;
  -moz-user-select: none;
  -ms-user-select: none;
  user-select: none;
}

.emotion-10:hover {
  color: #21313C;
}

.emotion-0 {
  height: 12px;
  width: 12px;
}

.emotion-8 {
  padding-left: 8px;
}

.emotion-20 {
  list-style-type: none;
  padding: 0;
  display: none;
}

.emotion-12 {
  color: #3D4F58;
  display: inline-block;
  font-size: 14px;
  -webkit-letter-spacing: 0;
  -moz-letter-spacing: 0;
  -ms-letter-spacing: 0;
  letter-spacing: 0;
  padding: 4px 24px 4px 44px;
  width: 100%;
}

.emotion-12:hover {
  color: #3D4F58;
  font-weight: bold;
  -webkit-text-decoration: none;
  text-decoration: none;
}

@media only screen and (max-width:420px) {
  .emotion-12 {
    padding: 8px 24px 8px 44px;
  }
}

<ProductsList>
  <ProductsListContainer>
    <div
      className="emotion-22 emotion-23"
    >
      <ProductsListHeading
        isOpen={false}
        onClick={[Function]}
      >
        <div
          className="emotion-10 emotion-11"
          onClick={[Function]}
        >
          <StyledIcon
            glyph="ChevronDown"
          >
            <Icon
              className="emotion-0 emotion-1"
              glyph="ChevronDown"
            >
              <ChevronDown
                className="emotion-0 emotion-1"
              >
                <ChevronDown
                  aria-label="Chevron Down Icon"
                  className="emotion-0 emotion-1"
                  height={16}
                  role="img"
                  width={16}
                >
                  <svg
                    aria-label="Chevron Down Icon"
                    className="emotion-0 emotion-1"
                    fill="none"
                    height={16}
                    role="img"
                    viewBox="0 0 16 16"
                    width={16}
                    xmlns="http://www.w3.org/2000/svg"
                  >
                    <path
                      clipRule="evenodd"
                      d="M1.636 5.364a1 1 0 000 1.414l4.95 4.95.707.707a1 1 0 001.414 0l.707-.707 4.95-4.95a1 1 0 000-1.414l-.707-.707a1 1 0 00-1.414 0L8 8.899 3.757 4.657a1 1 0 00-1.414 0l-.707.707z"
                      fill="currentColor"
                      fillRule="evenodd"
                    />
                  </svg>
                </ChevronDown>
              </ChevronDown>
            </Icon>
          </StyledIcon>
          <HeadingTitle>
            <span
              className="emotion-8 emotion-9"
            >
              View all products
            </span>
          </HeadingTitle>
        </div>
      </ProductsListHeading>
      <Products
        isOpen={false}
      >
        <ul
          className="emotion-20 emotion-21"
        >
          <li
            key="0"
          >
            <ProductLink
              to="https://www.docs.mongodb.com/drivers/"
            >
              <Link
                className="emotion-12 emotion-13"
                to="https://www.docs.mongodb.com/drivers/"
              >
                <a
                  className="emotion-12 emotion-13"
                  href="https://www.docs.mongodb.com/drivers/"
                >
                  MongoDB Drivers
                </a>
              </Link>
            </ProductLink>
          </li>
          <li
            key="1"
          >
            <ProductLink
              to="https://www.docs.atlas.mongodb.com/"
            >
              <Link
                className="emotion-12 emotion-13"
                to="https://www.docs.atlas.mongodb.com/"
              >
                <a
                  className="emotion-12 emotion-13"
                  href="https://www.docs.atlas.mongodb.com/"
                >
                  MongoDB Atlas
                </a>
              </Link>
            </ProductLink>
          </li>
        </ul>
      </Products>
    </div>
  </ProductsListContainer>
</ProductsList>
`;
