// Jest Snapshot v1, https://goo.gl/fbAQLP

exports[`renders correctly 1`] = `
.emotion-0 {
  border-spacing: 0;
  vertical-align: top;
  padding: 0 16px;
}

.emotion-2 {
  color: inherit;
  font-size: 13px;
  font-family: 'Source Code Pro',Menlo,monospace;
  line-height: 24px;
}

.emotion-3 {
  overflow-x: auto;
  border-radius: 0;
  border: 0;
  border-left: 2px solid;
  padding-top: 8px;
  padding-bottom: 8px;
  margin: 0;
  position: relative;
  -webkit-box-flex: 1;
  -webkit-flex-grow: 1;
  -ms-flex-positive: 1;
  flex-grow: 1;
  white-space: pre;
  border-color: #E7EEEC;
  background-color: #F9FBFA;
  color: #061621;
  display: -webkit-box;
  display: -webkit-flex;
  display: -ms-flexbox;
  display: flex;
  -webkit-align-items: center;
  -webkit-box-align: center;
  -ms-flex-align: center;
  align-items: center;
  padding-top: 6px;
  padding-bottom: 6px;
}

@media only screen and (max-device-width:812px) and (-webkit-min-device-pixel-ratio:2) {
  .emotion-3 {
    white-space: pre-wrap;
  }
}

@media only screen and (min-device-width:813px) and (-webkit-min-device-pixel-ratio:2) {
  .emotion-3 {
    white-space: pre;
  }
}

.emotion-5 {
  border: 1px solid #E7EEEC;
  border-radius: 4px;
  overflow: hidden;
}

.emotion-4 {
  display: -webkit-box;
  display: -webkit-flex;
  display: -ms-flexbox;
  display: flex;
}

.emotion-1 {
  border-spacing: 0;
  width: 100%;
}

.emotion-6 {
  display: table;
  margin: 16px 0;
  min-width: 150px;
  table-layout: fixed;
  width: 100%;
}

<div
  class="emotion-6"
>
  <div
    class="emotion-5"
  >
    <div
      class="emotion-4"
    >
      <pre
        class="emotion-3"
        tabindex="-1"
      >
        <code
          class="lg-highlight-hljs-light emotion-2 none"
        >
          <table
            class="emotion-1"
          >
            <tbody>
              <tr
                class=""
              >
                <td
                  class="emotion-0"
                >
                  test code
                </td>
              </tr>
            </tbody>
          </table>
        </code>
      </pre>
    </div>
  </div>
</div>
`;
