// Jest Snapshot v1, https://goo.gl/fbAQLP

exports[`renders correctly with a directive_argument node 1`] = `
.emotion-2 {
  background-color: #F9FBFA;
  border: 1px solid #B8C4C2;
  border-radius: 3px;
  font-family: 'Source Code Pro',Menlo,monospace;
  font-size: 14px;
  line-height: 20px;
  -webkit-letter-spacing: 0px;
  -moz-letter-spacing: 0px;
  -ms-letter-spacing: 0px;
  letter-spacing: 0px;
  white-space: nowrap;
}

[data-leafygreen-ui="anchor-inline-code"]:hover > .emotion-2 {
  box-shadow: 0 0 0 3px #E7EEEC;
}

[data-leafygreen-ui="anchor-inline-code"]:focus > .emotion-2 {
  box-shadow: 0 0 0 3px #C5E4F2;
}

.emotion-0 {
  font-size: unset;
}

<dl
  class="option"
>
  <dt
    id="std-option-mongos.--config"
  >
    <code
      class="emotion-0 emotion-1 emotion-2"
    >
      --config &lt;filename&gt;, -f &lt;filename&gt;
    </code>
    <a
      class="headerlink"
      href="#std-option-mongos.--config"
      title="Permalink to this definition"
    >
      Â¶
    </a>
  </dt>
  <dd>
    <p>
      Specifies a configuration file for runtime configuration options. The
configuration file is the preferred method for runtime configuration of

      <a
        href="/reference/program/mongos/#std-program-mongos"
      >
        <code
          class="emotion-0 emotion-1 emotion-2"
        >
          mongos
        </code>
      </a>
      . The options are equivalent to the command-line
configuration options. See 
      <a
        href="/reference/configuration-options/"
      >
        Configuration File Options
      </a>
       for
more information.
    </p>
    <p>
      Ensure the configuration file uses ASCII encoding. The 
      <a
        href="/reference/program/mongos/#std-program-mongos"
      >
        <code
          class="emotion-0 emotion-1 emotion-2"
        >
          mongos
        </code>
      </a>
      
instance does not support configuration files with non-ASCII encoding,
including UTF-8.
    </p>
  </dd>
</dl>
`;

exports[`renders correctly with no directive_argument nodes 1`] = `
<span
  id="std-label-php-language-center"
/>
`;
