// Jest Snapshot v1, https://goo.gl/fbAQLP

exports[`renders correctly 1`] = `
<Fragment>
  MongoDB offers both a Community and an Enterprise version
</Fragment>
`;
