// Jest Snapshot v1, https://goo.gl/fbAQLP

exports[`VersionDropdown Component renders correctly 1`] = `
<DocumentFragment>
  .emotion-0 {
  display: -webkit-box;
  display: -webkit-flex;
  display: -ms-flexbox;
  display: flex;
  -webkit-flex-direction: column;
  -ms-flex-direction: column;
  flex-direction: column;
  margin: 8px 24px 8px 24px;
}

.emotion-0>label+button,
.emotion-0>p+button {
  margin-top: 3px;
}

.emotion-0 button {
  z-index: 2;
  background-color: var(--select-button-bg-color);
  color: var(--select-button-color);
}

.emotion-0 button div:last-child svg {
  color: var(--select-button-carot);
}

.dark-theme .emotion-0 button:hover {
  background-color: var(--gray-dark4);
  color: var(--gray-light3);
  border-color: var(--gray-base);
  box-shadow: var(--gray-dark2) 0px 0px 0px 3px;
}

@media only screen and (max-width: 1024px) {
  .emotion-0 div,
  .emotion-0 span {
    font-size: 13px;
  }
}

.emotion-1 {
  -webkit-appearance: none;
  -moz-appearance: none;
  -ms-appearance: none;
  appearance: none;
  padding: 0;
  margin: 0;
  background-color: transparent;
  border: 1px solid transparent;
  display: -webkit-inline-box;
  display: -webkit-inline-flex;
  display: -ms-inline-flexbox;
  display: inline-flex;
  -webkit-align-items: stretch;
  -webkit-box-align: stretch;
  -ms-flex-align: stretch;
  align-items: stretch;
  -webkit-transition: all 150ms ease-in-out;
  transition: all 150ms ease-in-out;
  position: relative;
  -webkit-text-decoration: none;
  text-decoration: none;
  cursor: pointer;
  z-index: 0;
  font-family: 'Euclid Circular A',Akzidenz,'Helvetica Neue',Helvetica,Arial,sans-serif;
  border-radius: 6px;
  background-color: #F9FBFA;
  border-color: #889397;
  color: #001E2B;
  font-size: 13px;
  line-height: 20px;
  font-weight: 500;
  height: 36px;
  font-weight: 400;
  background-color: #FFFFFF;
  width: 100%;
  font-size: 13px;
}

.emotion-1:focus {
  outline: none;
}

.emotion-1[disabled],
.emotion-1:disabled {
  pointer-events: none;
}

.emotion-1:active,
.emotion-1:focus,
.emotion-1:hover {
  -webkit-text-decoration: none;
  text-decoration: none;
}

.emotion-1:hover,
.emotion-1:active {
  color: #001E2B;
  background-color: #FFFFFF;
  box-shadow: 0 0 0 3px #E8EDEB;
}

.emotion-1:focus {
  background-color: #FFFFFF;
  box-shadow: 0 0 0 2px #FFFFFF,0 0 0 4px #0498EC;
}

.emotion-1>*:last-child {
  grid-template-columns: 1fr 16px;
  -webkit-box-pack: start;
  -ms-flex-pack: start;
  -webkit-justify-content: flex-start;
  justify-content: flex-start;
}

.emotion-1>*:last-child>svg {
  justify-self: right;
  width: 16px;
  height: 16px;
}

.emotion-1>*:last-child>svg {
  color: #3D4F58;
}

.emotion-1>*:last-child {
  padding: 0 4px 0 12px;
}

.emotion-1:focus {
  box-shadow: 0 0 0 3px #0498EC;
  border-color: rgba(255, 255, 255, 0);
}

@media only screen and (max-width: 1024px) {
  .emotion-1 {
    height: 36px;
    font-size: 16px;
  }
}

.emotion-2 {
  overflow: hidden;
  position: absolute;
  top: 0;
  left: 0;
  right: 0;
  bottom: 0;
  border-radius: 5px;
}

.emotion-3 {
  display: grid;
  grid-auto-flow: column;
  -webkit-box-pack: center;
  -ms-flex-pack: center;
  -webkit-justify-content: center;
  justify-content: center;
  -webkit-align-items: center;
  -webkit-box-align: center;
  -ms-flex-align: center;
  align-items: center;
  height: 100%;
  width: 100%;
  pointer-events: none;
  position: relative;
  z-index: 0;
  padding: 0 11px;
  gap: 6px;
}

.emotion-4 {
  display: -webkit-box;
  display: -webkit-flex;
  display: -ms-flexbox;
  display: flex;
  -webkit-box-pack: justify;
  -webkit-justify-content: space-between;
  justify-content: space-between;
  -webkit-align-items: center;
  -webkit-box-align: center;
  -ms-flex-align: center;
  align-items: center;
  -webkit-box-flex: 1;
  -webkit-flex-grow: 1;
  -ms-flex-positive: 1;
  flex-grow: 1;
  gap: 4px;
  overflow: hidden;
}

.emotion-5 {
  overflow: hidden;
  white-space: nowrap;
  text-overflow: ellipsis;
  max-width: 100%;
}

.emotion-6 {
  -webkit-flex-shrink: 0;
  -ms-flex-negative: 0;
  flex-shrink: 0;
  color: #889397;
  height: 16px;
  width: 16px;
  justify-self: left;
}

<div
    class="emotion-0"
  >
    <button
      aria-controls="select-1-menu"
      aria-describedby="select-1-description"
      aria-disabled="false"
      aria-expanded="false"
      aria-invalid="false"
      aria-labelledby="View a different version of documentation."
      class="emotion-1"
      data-leafygreen-ui="button"
      data-testid="leafygreen-ui-select-menubutton"
      id="select-2"
      role="button"
      type="button"
      value="master"
    >
      <div
        class="emotion-2"
      />
      <div
        class="emotion-3"
      >
        <div
          class="emotion-4"
        >
          <div
            class="emotion-5"
          >
            master
          </div>
        </div>
        <svg
          alt=""
          aria-hidden="true"
          class="emotion-6"
          height="16"
          role="presentation"
          viewBox="0 0 16 16"
          width="16"
        >
          <path
            d="M8.67903 10.7962C8.45271 11.0679 8.04729 11.0679 7.82097 10.7962L4.63962 6.97649C4.3213 6.59428 4.5824 6 5.06866 6L11.4313 6C11.9176 6 12.1787 6.59428 11.8604 6.97649L8.67903 10.7962Z"
            fill="currentColor"
          />
        </svg>
      </div>
    </button>
  </div>
</DocumentFragment>
`;
