// Jest Snapshot v1, https://goo.gl/fbAQLP

exports[`Video renders correctly 1`] = `
<DocumentFragment>
  .emotion-2 {
  position: relative;
  padding-top: 56.25%;
}

.emotion-0 {
  position: absolute;
  top: 0;
  left: 0;
}

.emotion-0 > div {
  position: -webkit-sticky;
  position: sticky;
}

.emotion-0 * {
  border-radius: 16px !important;
}

<div
    class="emotion-2 emotion-3"
  >
    <div
      class="emotion-0 emotion-1"
      style="width: 100%; height: 100%;"
    />
  </div>
</DocumentFragment>
`;
