// Jest Snapshot v1, https://goo.gl/fbAQLP

exports[`renders correctly 1`] = `
<DocumentFragment>
  .emotion-0 {
  -webkit-align-items: stretch;
  -webkit-box-align: stretch;
  -ms-flex-align: stretch;
  align-items: stretch;
  display: grid;
  grid-column: 1/-1!important;
  grid-column-gap: 24px;
  grid-row-gap: 24px;
  grid-template-columns: repeat(3, 1fr);
  margin: 32px 0;
}

@media only screen and (max-width: 767px) {
  .emotion-0 {
    margin: 32px 0;
  }
}

@media only screen and (max-width: 480px) {
  .emotion-0 {
    margin: 32px 0;
  }
}

@media only screen and (max-width: 1200px) {
  .emotion-0 {
    grid-template-columns: repeat(2, 1fr);
  }

  @media only screen and (max-width: 767px) {
    .emotion-0 {
      grid-gap: calc(24px * 0.75);
      grid-template-columns: calc(24px / 2) repeat(3, calc(75% - calc(2 * 24px))) calc(24px / 2);
      grid-template-rows: minmax(150px, 1fr);
      margin: 24px 0;
      overflow-x: scroll;
      padding-bottom: calc(24px / 2);
      scroll-snap-type: x proximity;
    }

    .emotion-0:before,
    .emotion-0:after {
      content: '';
    }
  }
}

.emotion-2 {
  position: relative;
  -webkit-transition: 150ms ease-in-out;
  transition: 150ms ease-in-out;
  transition-property: border,box-shadow;
  border-radius: 24px;
  font-family: 'Euclid Circular A','Helvetica Neue',Helvetica,Arial,sans-serif;
  font-size: 13px;
  line-height: 20px;
  padding: 24px;
  min-height: 68px;
  border: 1px solid #E8EDEB;
  box-shadow: 0 4px 10px -4px rgba(0,30,43,0.3);
  background-color: #FFFFFF;
  color: #1C2D38;
  cursor: pointer;
  display: -webkit-box;
  display: -webkit-flex;
  display: -ms-flexbox;
  display: flex;
  height: 100%;
  background-color: var(--background-color-primary);
  border-color: #E8EDEB;
  -webkit-flex-direction: column;
  -ms-flex-direction: column;
  flex-direction: column;
  padding: 32px;
  -webkit-align-items: flex-start;
  -webkit-box-align: flex-start;
  -ms-flex-align: flex-start;
  align-items: flex-start;
  -webkit-flex-direction: row;
  -ms-flex-direction: row;
  flex-direction: row;
  padding: 32px 24px;
}

.emotion-2:focus {
  outline: none;
  box-shadow: 0 0 0 2px #FFFFFF,0 0 0 4px #0498EC,0 4px 10px -4px rgba(0,30,43,0.3);
}

.emotion-2:hover,
.emotion-2:active {
  border: 1px solid #E8EDEB;
  box-shadow: 0 4px 20px -4px rgba(0,30,43,0.2);
}

.emotion-2:hover:focus,
.emotion-2:active:focus {
  box-shadow: 0 0 0 2px #FFFFFF,0 0 0 4px #0498EC,0 4px 20px -4px rgba(0,30,43,0.2);
}

.dark-theme .emotion-2 {
  border-color: #3D4F58;
}

.emotion-2 p:last-of-type {
  margin-bottom: 0;
}

.emotion-3 {
  display: -webkit-box;
  display: -webkit-flex;
  display: -ms-flexbox;
  display: flex;
  -webkit-flex-direction: column;
  -ms-flex-direction: column;
  flex-direction: column;
  height: 100%;
  margin-left: 8px;
}

@media only screen and (max-width: 480px) {
  .emotion-3 {
    margin-left: 16px;
  }
}

.emotion-3 p {
  line-height: 24px;
}

.emotion-5 {
  margin: unset;
  font-family: 'Euclid Circular A','Helvetica Neue',Helvetica,Arial,sans-serif;
  color: #001E2B;
  font-size: 13px;
  line-height: 20px;
  color: #001E2B;
  font-weight: 400;
  margin-bottom: 16px;
  color: var(--font-color-primary);
}

.emotion-5 strong,
.emotion-5 b {
  font-weight: 700;
}

.emotion-6 {
  margin: unset;
  font-family: 'Euclid Circular A','Helvetica Neue',Helvetica,Arial,sans-serif;
  color: #001E2B;
  font-size: 13px;
  line-height: 20px;
  color: #001E2B;
  font-weight: 400;
}

.emotion-6 strong,
.emotion-6 b {
  font-weight: 700;
}

.emotion-6 a {
  line-height: unset;
}

.emotion-7 {
  font-family: 'Euclid Circular A','Helvetica Neue',Helvetica,Arial,sans-serif;
  display: -webkit-inline-box;
  display: -webkit-inline-flex;
  display: -ms-inline-flexbox;
  display: inline-flex;
  -webkit-align-items: center;
  -webkit-box-align: center;
  -ms-flex-align: center;
  align-items: center;
  -webkit-text-decoration: none;
  text-decoration: none;
  text-decoration-color: transparent;
  cursor: pointer;
  font-size: inherit;
  line-height: inherit;
  -webkit-appearance: none;
  -moz-appearance: none;
  -ms-appearance: none;
  appearance: none;
  background: none;
  border: none;
  padding: 0;
  font-size: 13px;
  line-height: 20px;
  color: #016BF8;
  font-weight: 400;
  display: inline;
  color: var(--link-color-primary);
  font-weight: var(--link-font-weight);
}

.emotion-7:hover,
.emotion-7:focus {
  -webkit-text-decoration: underline;
  text-decoration: underline;
  -webkit-transition: text-decoration 150ms ease-in-out;
  transition: text-decoration 150ms ease-in-out;
  text-underline-offset: 4px;
  text-decoration-thickness: 2px;
}

.emotion-7:focus {
  outline: none;
}

.emotion-7:hover {
  text-decoration-color: #E8EDEB;
}

.emotion-7:focus {
  text-decoration-color: #016BF8;
}

<div
    class="card-group  emotion-0 emotion-1"
  >
    <div
      class="emotion-2"
    >
      <img
        alt="MongoDB Atlas icon"
        class="
  @media only screen and (max-width: 480px) {
    width: 20px;
  }
"
        height="24px"
        src="/images/icons/atlas.svg"
        width="24px"
      />
      <div
        class="emotion-3 emotion-4"
      >
        <div>
          <p
            class="emotion-5"
          >
            Use Compass to connect to your Atlas cluster
          </p>
          <p
            class="emotion-6"
          >
            <a
              class="lg-ui-0001 emotion-7"
              href="https://www.mongodb.com/docs/atlas/getting-started/"
              target="_self"
            >
              <span>
                Read Atlas docs
              </span>
            </a>
          </p>
        </div>
      </div>
    </div>
    <div
      class="emotion-2"
    >
      <img
        alt="MongoDB University icon"
        class="
  @media only screen and (max-width: 480px) {
    width: 20px;
  }
"
        height="24px"
        src="/images/icons/university.svg"
        width="24px"
      />
      <div
        class="emotion-3 emotion-4"
      >
        <div>
          <p
            class="emotion-5"
          >
            Learn MongoDB Basics with MongoDB University
          </p>
          <p
            class="emotion-6"
          >
            <a
              class="lg-ui-0001 emotion-7"
              href="https://university.mongodb.com/courses/M001/about"
              target="_self"
            >
              <span>
                Learn MongoDB Basics
              </span>
            </a>
          </p>
        </div>
      </div>
    </div>
    <div
      class="emotion-2"
    >
      <img
        alt="MongoDB Server icon"
        class="
  @media only screen and (max-width: 480px) {
    width: 20px;
  }
"
        height="24px"
        src="/images/icons/server.svg"
        width="24px"
      />
      <div
        class="emotion-3 emotion-4"
      >
        <div>
          <p
            class="emotion-5"
          >
            Access more in-depth examples of querying data
          </p>
          <p
            class="emotion-6"
          >
            <a
              class="lg-ui-0001 emotion-7"
              href="https://www.mongodb.com/docs/manual/tutorial/getting-started/"
              target="_self"
            >
              <span>
                Read Server docs
              </span>
            </a>
          </p>
        </div>
      </div>
    </div>
  </div>
</DocumentFragment>
`;
