// Jest Snapshot v1, https://goo.gl/fbAQLP

exports[`renders correctly 1`] = `
<DocumentFragment>
  <div
    class="line-block"
  >
    N. Virginia (us-east-1)
  </div>
</DocumentFragment>
`;
