// Jest Snapshot v1, https://goo.gl/fbAQLP

exports[`DocumentBody renders the necessary elements 1`] = `
.emotion-0 {
  width: 100%;
  display: -webkit-box;
  display: -webkit-flex;
  display: -ms-flexbox;
  display: flex;
  -webkit-box-pack: center;
  -ms-flex-pack: center;
  -webkit-justify-content: center;
  justify-content: center;
  background-color: #061621;
  color: #ffffff;
}

.emotion-0 a:hover {
  -webkit-text-decoration: underline;
  text-decoration: underline;
}

.emotion-1 {
  box-sizing: border-box;
  margin: 0;
  min-width: 0;
  width: 100%;
  display: -webkit-box;
  display: -webkit-flex;
  display: -ms-flexbox;
  display: flex;
  -webkit-flex-direction: column;
  -ms-flex-direction: column;
  flex-direction: column;
  -webkit-box-pack: justify;
  -webkit-justify-content: space-between;
  justify-content: space-between;
  max-width: 1024px;
  padding-top: 64px;
  padding-bottom: 64px;
  padding-left: 24px;
  padding-right: 24px;
}

@media screen and (min-width: 768px) {
  .emotion-1 {
    -webkit-flex-direction: row;
    -ms-flex-direction: row;
    flex-direction: row;
  }
}

.emotion-2 {
  box-sizing: border-box;
  margin: 0;
  min-width: 0;
  -webkit-flex-basis: 25%;
  -ms-flex-preferred-size: 25%;
  flex-basis: 25%;
  display: -webkit-box;
  display: -webkit-flex;
  display: -ms-flexbox;
  display: flex;
  -webkit-flex-direction: column;
  -ms-flex-direction: column;
  flex-direction: column;
  -webkit-box-pack: justify;
  -webkit-justify-content: space-between;
  justify-content: space-between;
  margin-bottom: 40px;
}

@media screen and (min-width: 768px) {
  .emotion-2 {
    margin-bottom: 0px;
  }
}

.emotion-3 {
  box-sizing: border-box;
  margin: 0;
  min-width: 0;
  display: grid;
  grid-template-columns: 1fr 1fr;
  -webkit-flex-direction: row;
  -ms-flex-direction: row;
  flex-direction: row;
  -webkit-align-items: center;
  -webkit-box-align: center;
  -ms-flex-align: center;
  align-items: center;
  -webkit-box-pack: justify;
  -webkit-justify-content: space-between;
  justify-content: space-between;
}

@media screen and (min-width: 768px) {
  .emotion-3 {
    display: block;
    -webkit-flex-direction: column;
    -ms-flex-direction: column;
    flex-direction: column;
    -webkit-align-items: flex-start;
    -webkit-box-align: flex-start;
    -ms-flex-align: flex-start;
    align-items: flex-start;
  }
}

.emotion-4 {
  box-sizing: border-box;
  margin: 0;
  min-width: 0;
  max-width: 120px;
}

@media screen and (min-width: 1024px) {
  .emotion-4 {
    max-width: 150px;
  }
}

.emotion-5 {
  font-size: 14px;
  line-height: 18px;
  height: auto;
}

.emotion-6 {
  width: 100%;
  min-width: 100px;
  font-size: 14px;
  line-height: 18px;
  height: auto;
}

.emotion-7 {
  box-sizing: border-box;
  margin: 0;
  min-width: 0;
  display: -webkit-box;
  display: -webkit-flex;
  display: -ms-flexbox;
  display: flex;
  margin-top: 0px;
}

@media screen and (min-width: 768px) {
  .emotion-7 {
    margin-top: 24px;
  }
}

.emotion-8 {
  width: -webkit-min-content;
  width: -moz-min-content;
  width: min-content;
  display: inline-block;
  position: relative;
}

.emotion-9 {
  position: relative;
  display: -webkit-box;
  display: -webkit-flex;
  display: -ms-flexbox;
  display: flex;
  -webkit-box-pack: justify;
  -webkit-justify-content: space-between;
  justify-content: space-between;
  -webkit-align-items: center;
  -webkit-box-align: center;
  -ms-flex-align: center;
  align-items: center;
  width: -webkit-min-content;
  width: -moz-min-content;
  width: min-content;
  height: 48px;
  border: none;
  border-radius: 4px;
  box-sizing: border-box;
  cursor: pointer;
  font-weight: 300;
  background-color: transparent;
  padding-left: 0;
  color: #3d4f58;
  border-color: #b8c4c2;
}

.emotion-10 {
  font-family: Akzidenz-Grotesk Std,Noto Sans KR,Noto Sans SC,Noto Sans JP;
  font-size: 16px;
  line-height: 16px;
  color: #ffffff;
  padding-left: 16px;
  width: -webkit-min-content;
  width: -moz-min-content;
  width: min-content;
  white-space: nowrap;
  overflow: hidden;
  text-overflow: ellipsis;
  text-align: left;
}

.emotion-11 {
  padding: 0 16px;
}

.emotion-12 {
  -webkit-transform: rotateZ(0.5deg);
  -moz-transform: rotateZ(0.5deg);
  -ms-transform: rotateZ(0.5deg);
  transform: rotateZ(0.5deg);
  -webkit-transition: -webkit-transform .15s ease-in-out;
  transition: transform .15s ease-in-out;
  z-index: 0;
}

.emotion-13 {
  stroke: #ffffff;
}

.emotion-14 {
  visibility: hidden;
  position: absolute;
  z-index: 1000;
  display: none;
  width: 100%;
  min-width: -webkit-min-content;
  min-width: -moz-min-content;
  min-width: min-content;
  padding: 16px;
  line-height: 16px;
  font-size: 16px;
  color: #ffffff;
  font-family: Akzidenz-Grotesk Std,Noto Sans KR,Noto Sans SC,Noto Sans JP;
  background-color: #21313c;
  border: 1px solid #b8c4c2;
  border-radius: 8px;
  box-sizing: border-box;
  box-shadow: 0px 3px 9px rgba(0, 0, 0, 0.15);
}

.emotion-15 {
  list-style-type: none;
  margin: 0;
  padding: 0;
}

.emotion-16 {
  cursor: pointer;
  padding: 8px;
}

.emotion-16:not(:last-child) {
  margin-bottom: 8px;
}

.emotion-16:hover {
  border-radius: 2px;
  background-color: #3d4f58;
  color: #0ad05b;
}

.emotion-21 {
  box-sizing: border-box;
  margin: 0;
  min-width: 0;
  display: none;
  font-family: akzidenz-grotesk-std,Noto Sans KR,Noto Sans SC,Noto Sans JP;
  font-weight: 300;
  font-size: 12px;
  color: #b8c4c2;
}

@media screen and (min-width: 768px) {
  .emotion-21 {
    display: block;
  }
}

.emotion-22 {
  box-sizing: border-box;
  margin: 0;
  min-width: 0;
  -webkit-flex-basis: 25%;
  -ms-flex-preferred-size: 25%;
  flex-basis: 25%;
  margin-top: 24px;
}

@media screen and (min-width: 768px) {
  .emotion-22 {
    margin-top: 0px;
  }
}

.emotion-23 {
  font-family: akzidenz-grotesk-std,Noto Sans KR,Noto Sans SC,Noto Sans JP;
  font-weight: 500;
  font-size: 16px;
  margin-bottom: 24px;
  color: #ffffff;
  margin-top: 0px;
}

@media screen and (min-width: 768px) {
  .emotion-23 {
    margin-top: initial;
  }
}

.emotion-24 {
  list-style: none;
  margin: 0;
  padding: 0;
  display: grid;
  grid-template-columns: 1fr 1fr;
}

@media screen and (min-width: 768px) {
  .emotion-24 {
    display: block;
  }
}

.emotion-25 {
  margin-bottom: 24px;
}

.emotion-26 {
  color: #ffffff;
  -webkit-text-decoration: none;
  text-decoration: none;
  font-family: akzidenz-grotesk-std,Noto Sans KR,Noto Sans SC,Noto Sans JP;
  font-weight: 300;
  font-size: 14px;
  line-height: 32px;
  display: -webkit-box;
  display: -webkit-flex;
  display: -ms-flexbox;
  display: flex;
  -webkit-align-items: center;
  -webkit-box-align: center;
  -ms-flex-align: center;
  align-items: center;
}

.emotion-59 {
  box-sizing: border-box;
  margin: 0;
  min-width: 0;
  display: block;
  font-family: akzidenz-grotesk-std,Noto Sans KR,Noto Sans SC,Noto Sans JP;
  font-weight: 300;
  font-size: 12px;
  color: #b8c4c2;
  margin-top: 24px;
}

@media screen and (min-width: 768px) {
  .emotion-59 {
    display: none;
  }
}

<div
  data-testid="consistent-footer"
  id="footer-container"
>
  <footer
    class="emotion-0"
  >
    <div
      class="emotion-1"
    >
      <div
        class="emotion-2"
      >
        <div
          class="emotion-3"
        >
          <div
            class="emotion-4"
          >
            <a
              class="emotion-5"
              href="https://www.mongodb.com"
            >
              <img
                alt="MongoDB logo"
                class="emotion-6"
                height="38"
                src="https://webimages.mongodb.com/_com_assets/cms/kuyj3d95v5vbmm2f4-horizontal_white.svg?auto=format%252Ccompress"
                width="150"
              />
            </a>
          </div>
          <div
            class="emotion-7"
          >
            <img
              height="48"
              src="https://webimages.mongodb.com/_com_assets/cms/kr6zmbrgbwlke2l97-atlas-global-deployments.svg?auto=format%252Ccompress"
              style="height: auto;"
              width="18"
            />
            <div
              class="emotion-8"
            >
              <button
                aria-label="Language Selector"
                class="emotion-9"
                role="button"
                type="button"
              >
                <span
                  class="emotion-10"
                  data-testid="selected-value"
                >
                  English
                </span>
                <div
                  class="emotion-11"
                >
                  <svg
                    class="emotion-12"
                    data-testid="icon"
                    fill="none"
                    height="9"
                    viewBox="0 0 16 9"
                    width="16"
                    xmlns="http://www.w3.org/2000/svg"
                  >
                    <path
                      class="emotion-13"
                      d="M1.06689 0.799988L8.00023 7.73332L14.9336 0.799988"
                      stroke-linecap="round"
                      stroke-linejoin="round"
                    />
                  </svg>
                </div>
              </button>
              <div
                class="emotion-14"
              >
                <ul
                  class="emotion-15"
                  data-testid="options"
                  role="listbox"
                >
                  <li
                    class="emotion-16"
                    role="option"
                    tabindex="0"
                  >
                    English
                  </li>
                  <li
                    class="emotion-16"
                    role="option"
                    tabindex="0"
                  >
                    PortuguÃªs
                  </li>
                  <li
                    class="emotion-16"
                    role="option"
                    tabindex="0"
                  >
                    íêµ­ì´
                  </li>
                  <li
                    class="emotion-16"
                    role="option"
                    tabindex="0"
                  >
                    æ¥æ¬èª
                  </li>
                  <li
                    class="emotion-16"
                    role="option"
                    tabindex="0"
                  >
                    ç®ä½ä¸­æ
                  </li>
                </ul>
              </div>
            </div>
          </div>
        </div>
        <div
          class="emotion-21"
        >
          Â© 2024 MongoDB, Inc.
        </div>
      </div>
      <div
        class="emotion-22"
      >
        <p
          class="emotion-23"
        >
          About
        </p>
        <ul
          class="emotion-24"
        >
          <li
            class="emotion-25"
          >
            <a
              class=" emotion-26"
              href="https://www.mongodb.com/careers"
              rel="noreferrer noopener"
              target="_self"
            >
              Careers
            </a>
          </li>
          <li
            class="emotion-25"
          >
            <a
              class=" emotion-26"
              href="https://investors.mongodb.com"
              rel="noreferrer noopener"
              target="_self"
            >
              Investor Relations
            </a>
          </li>
          <li
            class="emotion-25"
          >
            <a
              class=" emotion-26"
              href="https://www.mongodb.com/legal"
              rel="noreferrer noopener"
              target="_self"
            >
              Legal
            </a>
          </li>
          <li
            class="emotion-25"
          >
            <a
              class=" emotion-26"
              href="https://github.com/mongodb"
              rel="noreferrer noopener"
              target="_self"
            >
              GitHub
            </a>
          </li>
          <li
            class="emotion-25"
          >
            <a
              class=" emotion-26"
              href="https://www.mongodb.com/company/contact/mongodb-vulnerability-disclosure-policy"
              rel="noreferrer noopener"
              target="_self"
            >
              Security Information
            </a>
          </li>
          <li
            class="emotion-25"
          >
            <a
              class=" emotion-26"
              href="https://www.mongodb.com/products/platform/trust"
              rel="noreferrer noopener"
              target="_self"
            >
              Trust Center
            </a>
          </li>
          <li
            class="emotion-25"
          >
            <a
              class=" emotion-26"
              href="https://www.mongodb.com/company/contact/social-media-hub"
              rel="noreferrer noopener"
              target="_self"
            >
              Connect with Us
            </a>
          </li>
        </ul>
      </div>
      <div
        class="emotion-22"
      >
        <p
          class="emotion-23"
        >
          Support
        </p>
        <ul
          class="emotion-24"
        >
          <li
            class="emotion-25"
          >
            <a
              class=" emotion-26"
              href="https://www.mongodb.com/company/contact"
              rel="noreferrer noopener"
              target="_self"
            >
              Contact Us
            </a>
          </li>
          <li
            class="emotion-25"
          >
            <a
              class=" emotion-26"
              href="https://support.mongodb.com/welcome"
              rel="noreferrer noopener"
              target="_self"
            >
              Customer Portal
            </a>
          </li>
          <li
            class="emotion-25"
          >
            <a
              class=" emotion-26"
              href="https://status.mongodb.com/"
              rel="noreferrer noopener"
              target="_self"
            >
              Atlas Status
            </a>
          </li>
          <li
            class="emotion-25"
          >
            <a
              class=" emotion-26"
              href="https://www.mongodb.com/services/support"
              rel="noreferrer noopener"
              target="_self"
            >
              Customer Support
            </a>
          </li>
        </ul>
      </div>
      <div
        class="emotion-22"
      >
        <p
          class="emotion-23"
        >
          Deployment Options
        </p>
        <ul
          class="emotion-24"
        >
          <li
            class="emotion-25"
          >
            <a
              class=" emotion-26"
              href="https://www.mongodb.com/cloud/atlas/register"
              rel="noreferrer noopener"
              target="_self"
            >
              MongoDB Atlas
            </a>
          </li>
          <li
            class="emotion-25"
          >
            <a
              class=" emotion-26"
              href="https://www.mongodb.com/try/download/enterprise"
              rel="noreferrer noopener"
              target="_self"
            >
              Enterprise Advanced
            </a>
          </li>
          <li
            class="emotion-25"
          >
            <a
              class=" emotion-26"
              href=" https://www.mongodb.com/try/download/community"
              rel="noreferrer noopener"
              target="_self"
            >
              Community Edition
            </a>
          </li>
        </ul>
      </div>
      <div
        class="emotion-59"
      >
        Â© 2024 MongoDB, Inc.
      </div>
    </div>
  </footer>
</div>
`;

exports[`DocumentBody renders the necessary elements 2`] = `
.emotion-0 {
  width: 100%;
  min-width: 100px;
  font-size: 14px;
  line-height: 18px;
  height: auto;
}

<img
  alt="MongoDB logo"
  class="emotion-0"
  height="38"
  src="https://webimages.mongodb.com/_com_assets/cms/kuyj3d95v5vbmm2f4-horizontal_white.svg?auto=format%252Ccompress"
  width="150"
/>
`;
