// Jest Snapshot v1, https://goo.gl/fbAQLP

exports[`renders correctly 1`] = `
<h3>
  Create an administrative username and password
  <a
    className="headerlink"
    href="#BLA-BLA"
    title="Permalink to this headline"
  >
    Â¶
  </a>
</h3>
`;
