// Jest Snapshot v1, https://goo.gl/fbAQLP

exports[`renders correctly 1`] = `
<div
  className="content"
>
  <div
    className="guide-category-list"
  >
    <div
      className="section"
      id="guides"
    >
      <div>
        <h1>
          Guides
          <a
            className="headerlink"
            href="#guides"
            title="Permalink to this headline"
          >
            Â¶
          </a>
        </h1>
        <section
          className="guide-category"
        >
          <div
            className="guide-category__title guide-category__title--getting-started"
          >
            Getting Started
          </div>
          <div
            className="guide-category__guides"
          >
            <a
              className="guide guide--regular"
              href="server/introduction"
            >
              <section
                style={
                  Object {
                    "height": "100%",
                  }
                }
              >
                <div
                  className="guide__title"
                >
                  Structure your Data for MongoDB
                </div>
                <ul
                  className="guide__body"
                >
                  
                </ul>
                <ul
                  className="guide__pills"
                />
                <div
                  className="guide__time"
                >
                  5min
                </div>
              </section>
            </a>
            <a
              className="guide guide--regular"
              href="server/install"
            >
              <section
                style={
                  Object {
                    "height": "100%",
                  }
                }
              >
                <div
                  className="guide__title"
                >
                  Install MongoDB
                </div>
                <ul
                  className="guide__body"
                >
                  
                </ul>
                <ul
                  className="guide__pills"
                />
                <div
                  className="guide__time"
                >
                  5min
                </div>
              </section>
            </a>
            <div
              className="guide guide--jumbo guide--expanded"
            >
              <section
                style={
                  Object {
                    "height": "100%",
                  }
                }
              >
                <div
                  className="guide__title"
                >
                  MongoDB in the Cloud
                </div>
                <ul
                  className="guide__body"
                >
                  <li
                    className="guide__entry"
                  >
                    <a
                      href="cloud/atlas"
                    >
                      Create an Atlas Account and Cluster
                    </a>
                  </li>
                  <li
                    className="guide__entry"
                  >
                    <a
                      href="cloud/connectionstring"
                    >
                      Set Up Atlas Connectivity
                    </a>
                  </li>
                </ul>
                <ul
                  className="guide__pills"
                />
                <div
                  className="guide__time"
                >
                  
                </div>
              </section>
            </div>
            <div
              className="guide guide--jumbo guide--expanded"
            >
              <section
                style={
                  Object {
                    "height": "100%",
                  }
                }
              >
                <div
                  className="guide__title"
                >
                  Migrate to MongoDB Atlas
                </div>
                <ul
                  className="guide__body"
                >
                  <li
                    className="guide__entry"
                  >
                    <a
                      href="cloud/migrate-from-aws-to-atlas"
                    >
                      Migrate a MongoDB Replica Set from AWS to MongoDB Atlas
                    </a>
                  </li>
                  <li
                    className="guide__entry"
                  >
                    <a
                      href="cloud/migrate-from-compose"
                    >
                      Migrate from Compose to MongoDB Atlas
                    </a>
                  </li>
                  <li
                    className="guide__entry"
                  >
                    <a
                      href="cloud/migrate-from-mlab"
                    >
                      Migrate from mLab to MongoDB Atlas
                    </a>
                  </li>
                </ul>
                <ul
                  className="guide__pills"
                />
                <div
                  className="guide__time"
                >
                  
                </div>
              </section>
            </div>
            <a
              className="guide guide--regular"
              href="server/import"
            >
              <section
                style={
                  Object {
                    "height": "100%",
                  }
                }
              >
                <div
                  className="guide__title"
                >
                  Import Data into MongoDB
                </div>
                <ul
                  className="guide__body"
                >
                  
                </ul>
                <ul
                  className="guide__pills"
                />
                <div
                  className="guide__time"
                >
                  5min
                </div>
              </section>
            </a>
            <a
              className="guide guide--regular"
              href="server/drivers"
            >
              <section
                style={
                  Object {
                    "height": "100%",
                  }
                }
              >
                <div
                  className="guide__title"
                >
                  Connect to MongoDB
                </div>
                <ul
                  className="guide__body"
                >
                  
                </ul>
                <ul
                  className="guide__pills"
                />
                <div
                  className="guide__time"
                >
                  5min
                </div>
              </section>
            </a>
            <div
              className="guide guide--jumbo guide--expanded"
            >
              <section
                style={
                  Object {
                    "height": "100%",
                  }
                }
              >
                <div
                  className="guide__title"
                >
                  CRUD Guides: Create, Read, Update, and Delete Data
                </div>
                <ul
                  className="guide__body"
                >
                  <li
                    className="guide__entry"
                  >
                    <a
                      href="server/insert"
                    >
                      Insert Data into MongoDB
                    </a>
                  </li>
                  <li
                    className="guide__entry"
                  >
                    <a
                      href="server/read"
                    >
                      Read Data from MongoDB
                    </a>
                  </li>
                  <li
                    className="guide__entry"
                  >
                    <a
                      href="server/read_queries"
                    >
                      Read Data from MongoDB With Queries
                    </a>
                  </li>
                  <li
                    className="guide__entry"
                  >
                    <a
                      href="server/read_operators"
                    >
                      Read Data using Operators and Compound Queries
                    </a>
                  </li>
                  <li
                    className="guide__entry"
                  >
                    <a
                      href="server/update"
                    >
                      Update Data in MongoDB
                    </a>
                  </li>
                  <li
                    className="guide__entry"
                  >
                    <a
                      href="server/delete"
                    >
                      Delete Data from MongoDB
                    </a>
                  </li>
                </ul>
                <ul
                  className="guide__pills"
                />
                <div
                  className="guide__time"
                >
                  
                </div>
              </section>
            </div>
          </div>
        </section>
      </div>
    </div>
  </div>
</div>
`;
